Archive member included to satisfy reference by file (symbol)

d:/7.0/toolchain/arm/arm-gnu-toolchain/bin/../lib/gcc/arm-none-eabi/6.2.1/../../../../arm-none-eabi/lib/thumb/v6-m\libc_nano.a(lib_a-exit.o)
                              d:/7.0/toolchain/arm/arm-gnu-toolchain/bin/../lib/gcc/arm-none-eabi/6.2.1/../../../../arm-none-eabi/lib/thumb/v6-m/crt0.o (exit)
d:/7.0/toolchain/arm/arm-gnu-toolchain/bin/../lib/gcc/arm-none-eabi/6.2.1/../../../../arm-none-eabi/lib/thumb/v6-m\libc_nano.a(lib_a-impure.o)
                              d:/7.0/toolchain/arm/arm-gnu-toolchain/bin/../lib/gcc/arm-none-eabi/6.2.1/../../../../arm-none-eabi/lib/thumb/v6-m\libc_nano.a(lib_a-exit.o) (_global_impure_ptr)
d:/7.0/toolchain/arm/arm-gnu-toolchain/bin/../lib/gcc/arm-none-eabi/6.2.1/../../../../arm-none-eabi/lib/thumb/v6-m\libc_nano.a(lib_a-init.o)
                              d:/7.0/toolchain/arm/arm-gnu-toolchain/bin/../lib/gcc/arm-none-eabi/6.2.1/../../../../arm-none-eabi/lib/thumb/v6-m/crt0.o (__libc_init_array)
d:/7.0/toolchain/arm/arm-gnu-toolchain/bin/../lib/gcc/arm-none-eabi/6.2.1/../../../../arm-none-eabi/lib/thumb/v6-m\libc_nano.a(lib_a-memset.o)
                              d:/7.0/toolchain/arm/arm-gnu-toolchain/bin/../lib/gcc/arm-none-eabi/6.2.1/../../../../arm-none-eabi/lib/thumb/v6-m/crt0.o (memset)
d:/7.0/toolchain/arm/arm-gnu-toolchain/bin/../lib/gcc/arm-none-eabi/6.2.1/../../../../arm-none-eabi/lib/thumb/v6-m\libc_nano.a(lib_a-nano-vfprintf_float.o)
                              (_printf_float)
d:/7.0/toolchain/arm/arm-gnu-toolchain/bin/../lib/gcc/arm-none-eabi/6.2.1/../../../../arm-none-eabi/lib/thumb/v6-m\libc_nano.a(lib_a-nano-vfprintf_i.o)
                              d:/7.0/toolchain/arm/arm-gnu-toolchain/bin/../lib/gcc/arm-none-eabi/6.2.1/../../../../arm-none-eabi/lib/thumb/v6-m\libc_nano.a(lib_a-nano-vfprintf_float.o) (_printf_common)
d:/7.0/toolchain/arm/arm-gnu-toolchain/bin/../lib/gcc/arm-none-eabi/6.2.1/../../../../arm-none-eabi/lib/thumb/v6-m\libc_nano.a(lib_a-printf.o)
                              main.o (printf)
d:/7.0/toolchain/arm/arm-gnu-toolchain/bin/../lib/gcc/arm-none-eabi/6.2.1/../../../../arm-none-eabi/lib/thumb/v6-m\libc_nano.a(lib_a-puts.o)
                              main.o (puts)
d:/7.0/toolchain/arm/arm-gnu-toolchain/bin/../lib/gcc/arm-none-eabi/6.2.1/../../../../arm-none-eabi/lib/thumb/v6-m\libc_nano.a(lib_a-setbuf.o)
                              main.o (setbuf)
d:/7.0/toolchain/arm/arm-gnu-toolchain/bin/../lib/gcc/arm-none-eabi/6.2.1/../../../../arm-none-eabi/lib/thumb/v6-m\libc_nano.a(lib_a-setvbuf.o)
                              d:/7.0/toolchain/arm/arm-gnu-toolchain/bin/../lib/gcc/arm-none-eabi/6.2.1/../../../../arm-none-eabi/lib/thumb/v6-m\libc_nano.a(lib_a-setbuf.o) (setvbuf)
d:/7.0/toolchain/arm/arm-gnu-toolchain/bin/../lib/gcc/arm-none-eabi/6.2.1/../../../../arm-none-eabi/lib/thumb/v6-m\libc_nano.a(lib_a-strlen.o)
                              d:/7.0/toolchain/arm/arm-gnu-toolchain/bin/../lib/gcc/arm-none-eabi/6.2.1/../../../../arm-none-eabi/lib/thumb/v6-m\libc_nano.a(lib_a-nano-vfprintf_float.o) (strlen)
d:/7.0/toolchain/arm/arm-gnu-toolchain/bin/../lib/gcc/arm-none-eabi/6.2.1/../../../../arm-none-eabi/lib/thumb/v6-m\libc_nano.a(lib_a-wbuf.o)
                              d:/7.0/toolchain/arm/arm-gnu-toolchain/bin/../lib/gcc/arm-none-eabi/6.2.1/../../../../arm-none-eabi/lib/thumb/v6-m\libc_nano.a(lib_a-puts.o) (__swbuf_r)
d:/7.0/toolchain/arm/arm-gnu-toolchain/bin/../lib/gcc/arm-none-eabi/6.2.1/../../../../arm-none-eabi/lib/thumb/v6-m\libc_nano.a(lib_a-wsetup.o)
                              d:/7.0/toolchain/arm/arm-gnu-toolchain/bin/../lib/gcc/arm-none-eabi/6.2.1/../../../../arm-none-eabi/lib/thumb/v6-m\libc_nano.a(lib_a-puts.o) (__swsetup_r)
d:/7.0/toolchain/arm/arm-gnu-toolchain/bin/../lib/gcc/arm-none-eabi/6.2.1/../../../../arm-none-eabi/lib/thumb/v6-m\libc_nano.a(lib_a-dtoa.o)
                              d:/7.0/toolchain/arm/arm-gnu-toolchain/bin/../lib/gcc/arm-none-eabi/6.2.1/../../../../arm-none-eabi/lib/thumb/v6-m\libc_nano.a(lib_a-nano-vfprintf_float.o) (_dtoa_r)
d:/7.0/toolchain/arm/arm-gnu-toolchain/bin/../lib/gcc/arm-none-eabi/6.2.1/../../../../arm-none-eabi/lib/thumb/v6-m\libc_nano.a(lib_a-fflush.o)
                              d:/7.0/toolchain/arm/arm-gnu-toolchain/bin/../lib/gcc/arm-none-eabi/6.2.1/../../../../arm-none-eabi/lib/thumb/v6-m\libc_nano.a(lib_a-setvbuf.o) (_fflush_r)
d:/7.0/toolchain/arm/arm-gnu-toolchain/bin/../lib/gcc/arm-none-eabi/6.2.1/../../../../arm-none-eabi/lib/thumb/v6-m\libc_nano.a(lib_a-findfp.o)
                              d:/7.0/toolchain/arm/arm-gnu-toolchain/bin/../lib/gcc/arm-none-eabi/6.2.1/../../../../arm-none-eabi/lib/thumb/v6-m\libc_nano.a(lib_a-printf.o) (__sinit)
d:/7.0/toolchain/arm/arm-gnu-toolchain/bin/../lib/gcc/arm-none-eabi/6.2.1/../../../../arm-none-eabi/lib/thumb/v6-m\libc_nano.a(lib_a-fwalk.o)
[...]
Memory Configuration

Name             Origin             Length             Attributes
rom              0x00000000         0x00010000         xr
ram              0x20000000         0x00002000         xrw
*default*        0x00000000         0xffffffff

Linker script and memory map

LOAD d:/7.0/toolchain/arm/arm-gnu-toolchain/bin/../lib/gcc/arm-none-eabi/6.2.1/thumb/v6-m/crti.o
LOAD d:/7.0/toolchain/arm/arm-gnu-toolchain/bin/../lib/gcc/arm-none-eabi/6.2.1/thumb/v6-m/crtbegin.o
LOAD d:/7.0/toolchain/arm/arm-gnu-toolchain/bin/../lib/gcc/arm-none-eabi/6.2.1/../../../../arm-none-eabi/lib/thumb/v6-m/crt0.o
LOAD AIS328DQ.o
LOAD main.o
LOAD src/ASF/sam0/drivers/sercom/i2c/i2c_sam0/i2c_master.o
LOAD src/ASF/sam0/drivers/sercom/sercom.o
LOAD src/ASF/common2/services/delay/sam0/systick_counter.o
LOAD src/ASF/common/utils/interrupt/interrupt_sam_nvic.o
LOAD src/ASF/sam0/boards/samha1g16a_xplained_pro/board_init.o
LOAD src/ASF/sam0/drivers/port/port.o
LOAD src/ASF/sam0/drivers/sercom/usart/usart.o
LOAD src/ASF/sam0/drivers/system/clock/clock_samd21_r21_da_ha1/clock.o
LOAD src/ASF/sam0/drivers/system/clock/clock_samd21_r21_da_ha1/gclk.o
LOAD src/ASF/sam0/drivers/system/interrupt/system_interrupt.o
LOAD src/ASF/sam0/drivers/system/pinmux/pinmux.o
LOAD src/ASF/sam0/drivers/system/system.o
LOAD src/ASF/sam0/utils/cmsis/samha1/source/gcc/startup_samha1.o
LOAD src/ASF/sam0/utils/cmsis/samha1/source/system_samha1.o
LOAD src/ASF/sam0/utils/stdio/read.o
LOAD src/ASF/sam0/utils/stdio/write.o
LOAD src/ASF/sam0/utils/syscalls/gcc/syscalls.o
START GROUP
LOAD ../src/ASF/thirdparty/CMSIS/Lib/GCC\libarm_cortexM0l_math.a
END GROUP
LOAD d:/7.0/toolchain/arm/arm-gnu-toolchain/bin/../lib/gcc/arm-none-eabi/6.2.1/../../../../arm-none-eabi/lib/thumb/v6-m\libstdc++_nano.a
LOAD d:/7.0/toolchain/arm/arm-gnu-toolchain/bin/../lib/gcc/arm-none-eabi/6.2.1/../../../../arm-none-eabi/lib/thumb/v6-m\libm.a
LOAD d:/7.0/toolchain/arm/arm-gnu-toolchain/bin/../lib/gcc/arm-none-eabi/6.2.1/../../../../arm-none-eabi/lib/thumb/v6-m\libc_nano.a
START GROUP
LOAD d:/7.0/toolchain/arm/arm-gnu-toolchain/bin/../lib/gcc/arm-none-eabi/6.2.1/thumb/v6-m\libgcc.a
LOAD d:/7.0/toolchain/arm/arm-gnu-toolchain/bin/../lib/gcc/arm-none-eabi/6.2.1/../../../../arm-none-eabi/lib/thumb/v6-m\libc_nano.a
END GROUP
START GROUP
LOAD d:/7.0/toolchain/arm/arm-gnu-toolchain/bin/../lib/gcc/arm-none-eabi/6.2.1/thumb/v6-m\libgcc.a
LOAD d:/7.0/toolchain/arm/arm-gnu-toolchain/bin/../lib/gcc/arm-none-eabi/6.2.1/../../../../arm-none-eabi/lib/thumb/v6-m\libc_nano.a
END GROUP
LOAD d:/7.0/toolchain/arm/arm-gnu-toolchain/bin/../lib/gcc/arm-none-eabi/6.2.1/thumb/v6-m/crtend.o
LOAD d:/7.0/toolchain/arm/arm-gnu-toolchain/bin/../lib/gcc/arm-none-eabi/6.2.1/thumb/v6-m/crtn.o
                0x00000800                STACK_SIZE = DEFINED (STACK_SIZE)?STACK_SIZE:DEFINED (__stack_size__)?__stack_size__:0x800

.text           0x00000000     0x68f4
                0x00000000                . = ALIGN (0x4)
                0x00000000                _sfixed = .
 *(.vectors .vectors.*)
 .vectors       0x00000000       0xb4 src/ASF/sam0/utils/cmsis/samha1/source/gcc/startup_samha1.o
                0x00000000                exception_table
 *(.text .text.* .gnu.linkonce.t.*)
 .text          0x000000b4       0x60 d:/7.0/toolchain/arm/arm-gnu-toolchain/bin/../lib/gcc/arm-none-eabi/6.2.1/thumb/v6-m/crtbegin.o
 .text._Z20configure_i2c_masterv
                0x00000114       0x8c AIS328DQ.o
                0x00000114                configure_i2c_master()
 .text._ZN12AIS328DQcore13readRegister8EPhS0_
                0x000001a0       0x78 AIS328DQ.o
                0x000001a0                AIS328DQcore::readRegister8(unsigned char*, unsigned char*)
 .text._ZN8AIS328DQ5beginEv
                0x00000218       0x58 AIS328DQ.o
                0x00000218                AIS328DQ::begin()
 .text._ZN8AIS328DQ16XYZdataAvailableEv
                0x00000270       0x24 AIS328DQ.o
                0x00000270                AIS328DQ::XYZdataAvailable()
 .text._ZN8AIS328DQ13readRawAccelXEPs
                0x00000294       0x38 AIS328DQ.o
                0x00000294                AIS328DQ::readRawAccelX(short*)
 .text._ZN8AIS328DQ13readRawAccelYEPs
                0x000002cc       0x38 AIS328DQ.o
                0x000002cc                AIS328DQ::readRawAccelY(short*)
 .text._ZN8AIS328DQ13readRawAccelZEPs
                0x00000304       0x38 AIS328DQ.o
                0x00000304                AIS328DQ::readRawAccelZ(short*)
 .text._ZN8AIS328DQ9calcAccelEs
                0x0000033c       0x60 AIS328DQ.o
                0x0000033c                AIS328DQ::calcAccel(short)
 .text._ZN8AIS328DQ15readFloatAccelXEv
                0x0000039c       0x28 AIS328DQ.o
                0x0000039c                AIS328DQ::readFloatAccelX()
 .text._ZN8AIS328DQ15readFloatAccelYEv
                0x000003c4       0x28 AIS328DQ.o
                0x000003c4                AIS328DQ::readFloatAccelY()
 .text._ZN8AIS328DQ15readFloatAccelZEv
                0x000003ec       0x28 AIS328DQ.o
                0x000003ec                AIS328DQ::readFloatAccelZ()
 .text._ZN8AIS328DQC2Eh
                0x00000414       0x10 AIS328DQ.o
                0x00000414                AIS328DQ::AIS328DQ(unsigned char)
                0x00000414                AIS328DQ::AIS328DQ(unsigned char)
 .text.usart_serial_getchar
                0x00000424       0x2c main.o
 .text.usart_serial_putchar
                0x00000450       0x18 main.o
 .text._Z15configure_usartv
                0x00000468       0xec main.o
                0x00000468                configure_usart()
 .text._Z19configure_port_pinsv
                0x00000554       0x28 main.o
                0x00000554                configure_port_pins()
 .text.main     0x0000057c       0xe8 main.o
                0x0000057c                main
 .text._GLOBAL__sub_I_usart_instance
                0x00000664       0x18 main.o
 .text._i2c_master_wait_for_sync
                0x0000067c        0xc src/ASF/sam0/drivers/sercom/i2c/i2c_sam0/i2c_master.o
 .text.i2c_master_init
                0x00000688      0x2c8 src/ASF/sam0/drivers/sercom/i2c/i2c_sam0/i2c_master.o
                0x00000688                i2c_master_init
 .text._i2c_master_address_response
                0x00000950       0x30 src/ASF/sam0/drivers/sercom/i2c/i2c_sam0/i2c_master.o
                0x00000950                _i2c_master_address_response
 .text._i2c_master_wait_for_bus
                0x00000980       0x2c src/ASF/sam0/drivers/sercom/i2c/i2c_sam0/i2c_master.o
                0x00000980                _i2c_master_wait_for_bus
 .text._i2c_master_send_hs_master_code
                0x000009ac       0x20 src/ASF/sam0/drivers/sercom/i2c/i2c_sam0/i2c_master.o
                0x000009ac                _i2c_master_send_hs_master_code
 .text._i2c_master_read_packet
                0x000009cc      0x1a0 src/ASF/sam0/drivers/sercom/i2c/i2c_sam0/i2c_master.o
 .text._i2c_master_write_packet
                0x00000b6c       0xf4 src/ASF/sam0/drivers/sercom/i2c/i2c_sam0/i2c_master.o
 .text.i2c_master_read_packet_wait
                0x00000c60       0x14 src/ASF/sam0/drivers/sercom/i2c/i2c_sam0/i2c_master.o
                0x00000c60                i2c_master_read_packet_wait
 .text.i2c_master_write_packet_wait
                0x00000c74       0x14 src/ASF/sam0/drivers/sercom/i2c/i2c_sam0/i2c_master.o
                0x00000c74                i2c_master_write_packet_wait
 .text.i2c_master_write_packet_wait_no_stop
                0x00000c88       0x14 src/ASF/sam0/drivers/sercom/i2c/i2c_sam0/i2c_master.o
                0x00000c88                i2c_master_write_packet_wait_no_stop
 .text.long_division
                0x00000c9c       0xba src/ASF/sam0/drivers/sercom/sercom.o
 .text._sercom_get_sync_baud_val
                0x00000d56       0x28 src/ASF/sam0/drivers/sercom/sercom.o
                0x00000d56                _sercom_get_sync_baud_val
 *fill*         0x00000d7e        0x2 
 .text._sercom_get_async_baud_val
                0x00000d80       0x94 src/ASF/sam0/drivers/sercom/sercom.o
                0x00000d80                _sercom_get_async_baud_val
 .text.sercom_set_gclk_generator
                0x00000e14       0x4c src/ASF/sam0/drivers/sercom/sercom.o
                0x00000e14                sercom_set_gclk_generator
 .text._sercom_get_default_pad
                0x00000e60      0x164 src/ASF/sam0/drivers/sercom/sercom.o
                0x00000e60                _sercom_get_default_pad
 .text._sercom_get_sercom_inst_index
                0x00000fc4       0x38 src/ASF/sam0/drivers/sercom/sercom.o
                0x00000fc4                _sercom_get_sercom_inst_index
 .text.delay_init
                0x00000ffc       0x40 src/ASF/common2/services/delay/sam0/systick_counter.o
                0x00000ffc                delay_init
 .text.delay_cycles_ms
                0x0000103c       0x2c src/ASF/common2/services/delay/sam0/systick_counter.o
                0x0000103c                delay_cycles_ms
 .text.cpu_irq_enter_critical
                0x00001068       0x40 src/ASF/common/utils/interrupt/interrupt_sam_nvic.o
                0x00001068                cpu_irq_enter_critical
 .text.cpu_irq_leave_critical
                0x000010a8       0x30 src/ASF/common/utils/interrupt/interrupt_sam_nvic.o
                0x000010a8                cpu_irq_leave_critical
 .text.system_board_init
                0x000010d8       0x34 src/ASF/sam0/boards/samha1g16a_xplained_pro/board_init.o
                0x000010d8                board_init
                0x000010d8                system_board_init
 .text.port_pin_set_config
                0x0000110c       0x24 src/ASF/sam0/drivers/port/port.o
                0x0000110c                port_pin_set_config
 .text.usart_init
                0x00001130      0x2fc src/ASF/sam0/drivers/sercom/usart/usart.o
                0x00001130                usart_init
 .text.usart_write_wait
                0x0000142c       0x2a src/ASF/sam0/drivers/sercom/usart/usart.o
                0x0000142c                usart_write_wait
 .text.usart_read_wait
                0x00001456       0x68 src/ASF/sam0/drivers/sercom/usart/usart.o
                0x00001456                usart_read_wait
 *fill*         0x000014be        0x2 
 .text.system_clock_source_get_hz
                0x000014c0       0x90 src/ASF/sam0/drivers/system/clock/clock_samd21_r21_da_ha1/clock.o
                0x000014c0                system_clock_source_get_hz
 .text.system_gclk_gen_get_hz
                0x00001550       0x8c src/ASF/sam0/drivers/system/clock/clock_samd21_r21_da_ha1/gclk.o
                0x00001550                system_gclk_gen_get_hz
 .text.system_gclk_chan_enable
                0x000015dc       0x30 src/ASF/sam0/drivers/system/clock/clock_samd21_r21_da_ha1/gclk.o
                0x000015dc                system_gclk_chan_enable
 .text.system_gclk_chan_disable
                0x0000160c       0x5c src/ASF/sam0/drivers/system/clock/clock_samd21_r21_da_ha1/gclk.o
                0x0000160c                system_gclk_chan_disable
 .text.system_gclk_chan_set_config
                0x00001668       0x1c src/ASF/sam0/drivers/system/clock/clock_samd21_r21_da_ha1/gclk.o
                0x00001668                system_gclk_chan_set_config
 .text.system_gclk_chan_get_hz
                0x00001684       0x34 src/ASF/sam0/drivers/system/clock/clock_samd21_r21_da_ha1/gclk.o
                0x00001684                system_gclk_chan_get_hz
 .text._system_pinmux_config
                0x000016b8       0xa8 src/ASF/sam0/drivers/system/pinmux/pinmux.o
 .text.system_pinmux_pin_set_config
                0x00001760       0x30 src/ASF/sam0/drivers/system/pinmux/pinmux.o
                0x00001760                system_pinmux_pin_set_config
 .text.Dummy_Handler
                0x00001790        0x2 src/ASF/sam0/utils/cmsis/samha1/source/gcc/startup_samha1.o
                0x00001790                DMAC_Handler
                0x00001790                HardFault_Handler
                0x00001790                AC_Handler
                0x00001790                SysTick_Handler
                0x00001790                PendSV_Handler
                0x00001790                NMI_Handler
                0x00001790                TC7_Handler
                0x00001790                SERCOM1_Handler
                0x00001790                ADC_Handler
                0x00001790                TCC1_Handler
                0x00001790                SERCOM2_Handler
                0x00001790                TCC0_Handler
                0x00001790                RTC_Handler
                0x00001790                EIC_Handler
                0x00001790                TC6_Handler
                0x00001790                WDT_Handler
                0x00001790                TC4_Handler
                0x00001790                TC3_Handler
                0x00001790                Dummy_Handler
                0x00001790                PM_Handler
                0x00001790                SERCOM5_Handler
                0x00001790                SVC_Handler
                0x00001790                TCC2_Handler
                0x00001790                EVSYS_Handler
                0x00001790                SERCOM3_Handler
                0x00001790                SERCOM4_Handler
                0x00001790                NVMCTRL_Handler
                0x00001790                SERCOM0_Handler
                0x00001790                DAC_Handler
                0x00001790                PTC_Handler
                0x00001790                TC5_Handler
                0x00001790                SYSCTRL_Handler
 *fill*         0x00001792        0x2 
 .text.Reset_Handler
                0x00001794       0xd0 src/ASF/sam0/utils/cmsis/samha1/source/gcc/startup_samha1.o
                0x00001794                Reset_Handler
 .text.SystemInit
                0x00001864       0x10 src/ASF/sam0/utils/cmsis/samha1/source/system_samha1.o
                0x00001864                SystemInit
 .text._read    0x00001874       0x44 src/ASF/sam0/utils/stdio/read.o
                0x00001874                _read
 .text._write   0x000018b8       0x50 src/ASF/sam0/utils/stdio/write.o
                0x000018b8                _write
 .text._sbrk    0x00001908       0x24 src/ASF/sam0/utils/syscalls/gcc/syscalls.o
                0x00001908                _sbrk
 .text._close   0x0000192c        0x6 src/ASF/sam0/utils/syscalls/gcc/syscalls.o
                0x0000192c                _close
 .text._fstat   0x00001932        0xa src/ASF/sam0/utils/syscalls/gcc/syscalls.o
                0x00001932                _fstat
 .text._isatty  0x0000193c        0x4 src/ASF/sam0/utils/syscalls/gcc/syscalls.o
                0x0000193c                _isatty
 .text._lseek   0x00001940        0x4 src/ASF/sam0/utils/syscalls/gcc/syscalls.o
                0x00001940                _lseek
 .text.__libc_init_array
                0x00001944       0x48 d:/7.0/toolchain/arm/arm-gnu-toolchain/bin/../lib/gcc/arm-none-eabi/6.2.1/../../../../arm-none-eabi/lib/thumb/v6-m\libc_nano.a(lib_a-init.o)
                0x00001944                __libc_init_array
 .text.memset   0x0000198c       0x10 d:/7.0/toolchain/arm/arm-gnu-toolchain/bin/../lib/gcc/arm-none-eabi/6.2.1/../../../../arm-none-eabi/lib/thumb/v6-m\libc_nano.a(lib_a-memset.o)
                0x0000198c                memset
 .text.__cvt    0x0000199c       0xc8 d:/7.0/toolchain/arm/arm-gnu-toolchain/bin/../lib/gcc/arm-none-eabi/6.2.1/../../../../arm-none-eabi/lib/thumb/v6-m\libc_nano.a(lib_a-nano-vfprintf_float.o)
                0x0000199c                __cvt
 .text.__exponent
                0x00001a64       0x70 d:/7.0/toolchain/arm/arm-gnu-toolchain/bin/../lib/gcc/arm-none-eabi/6.2.1/../../../../arm-none-eabi/lib/thumb/v6-m\libc_nano.a(lib_a-nano-vfprintf_float.o)
                0x00001a64                __exponent
 .text._printf_float
                0x00001ad4      0x498 d:/7.0/toolchain/arm/arm-gnu-toolchain/bin/../lib/gcc/arm-none-eabi/6.2.1/../../../../arm-none-eabi/lib/thumb/v6-m\libc_nano.a(lib_a-nano-vfprintf_float.o)
                0x00001ad4                _printf_float
 .text._printf_common
                0x00001f6c       0xda d:/7.0/toolchain/arm/arm-gnu-toolchain/bin/../lib/gcc/arm-none-eabi/6.2.1/../../../../arm-none-eabi/lib/thumb/v6-m\libc_nano.a(lib_a-nano-vfprintf_i.o)
                0x00001f6c                _printf_common
 *fill*         0x00002046        0x2 
 .text._printf_i
                0x00002048      0x234 d:/7.0/toolchain/arm/arm-gnu-toolchain/bin/../lib/gcc/arm-none-eabi/6.2.1/../../../../arm-none-eabi/lib/thumb/v6-m\libc_nano.a(lib_a-nano-vfprintf_i.o)
                0x00002048                _printf_i
 .text.printf   0x0000227c       0x34 d:/7.0/toolchain/arm/arm-gnu-toolchain/bin/../lib/gcc/arm-none-eabi/6.2.1/../../../../arm-none-eabi/lib/thumb/v6-m\libc_nano.a(lib_a-printf.o)
                0x0000227c                iprintf
                0x0000227c                printf
 .text._puts_r  0x000022b0       0xc0 d:/7.0/toolchain/arm/arm-gnu-toolchain/bin/../lib/gcc/arm-none-eabi/6.2.1/../../../../arm-none-eabi/lib/thumb/v6-m\libc_nano.a(lib_a-puts.o)
                0x000022b0                _puts_r
 .text.puts     0x00002370       0x14 d:/7.0/toolchain/arm/arm-gnu-toolchain/bin/../lib/gcc/arm-none-eabi/6.2.1/../../../../arm-none-eabi/lib/thumb/v6-m\libc_nano.a(lib_a-puts.o)
                0x00002370                puts
 .text.setbuf   0x00002384       0x12 d:/7.0/toolchain/arm/arm-gnu-toolchain/bin/../lib/gcc/arm-none-eabi/6.2.1/../../../../arm-none-eabi/lib/thumb/v6-m\libc_nano.a(lib_a-setbuf.o)
                0x00002384                setbuf
 *fill*         0x00002396        0x2 
 .text.setvbuf  0x00002398      0x158 d:/7.0/toolchain/arm/arm-gnu-toolchain/bin/../lib/gcc/arm-none-eabi/6.2.1/../../../../arm-none-eabi/lib/thumb/v6-m\libc_nano.a(lib_a-setvbuf.o)
                0x00002398                setvbuf
 .text          0x000024f0        0xe d:/7.0/toolchain/arm/arm-gnu-toolchain/bin/../lib/gcc/arm-none-eabi/6.2.1/../../../../arm-none-eabi/lib/thumb/v6-m\libc_nano.a(lib_a-strlen.o)
                0x000024f0                strlen
 *fill*         0x000024fe        0x2 
 .text.__swbuf_r
                0x00002500       0xac d:/7.0/toolchain/arm/arm-gnu-toolchain/bin/../lib/gcc/arm-none-eabi/6.2.1/../../../../arm-none-eabi/lib/thumb/v6-m\libc_nano.a(lib_a-wbuf.o)
                0x00002500                __swbuf_r
 .text.__swsetup_r
                0x000025ac       0xec d:/7.0/toolchain/arm/arm-gnu-toolchain/bin/../lib/gcc/arm-none-eabi/6.2.1/../../../../arm-none-eabi/lib/thumb/v6-m\libc_nano.a(lib_a-wsetup.o)
                0x000025ac                __swsetup_r
 .text.quorem   0x00002698      0x108 d:/7.0/toolchain/arm/arm-gnu-toolchain/bin/../lib/gcc/arm-none-eabi/6.2.1/../../../../arm-none-eabi/lib/thumb/v6-m\libc_nano.a(lib_a-dtoa.o)
 .text._dtoa_r  0x000027a0      0xbd0 d:/7.0/toolchain/arm/arm-gnu-toolchain/bin/../lib/gcc/arm-none-eabi/6.2.1/../../../../arm-none-eabi/lib/thumb/v6-m\libc_nano.a(lib_a-dtoa.o)
                0x000027a0                _dtoa_r
 .text.__sflush_r
                0x00003370      0x114 d:/7.0/toolchain/arm/arm-gnu-toolchain/bin/../lib/gcc/arm-none-eabi/6.2.1/../../../../arm-none-eabi/lib/thumb/v6-m\libc_nano.a(lib_a-fflush.o)
                0x00003370                __sflush_r
 .text._fflush_r
                0x00003484       0x58 d:/7.0/toolchain/arm/arm-gnu-toolchain/bin/../lib/gcc/arm-none-eabi/6.2.1/../../../../arm-none-eabi/lib/thumb/v6-m\libc_nano.a(lib_a-fflush.o)
                0x00003484                _fflush_r
 .text._cleanup_r
                0x000034dc       0x10 d:/7.0/toolchain/arm/arm-gnu-toolchain/bin/../lib/gcc/arm-none-eabi/6.2.1/../../../../arm-none-eabi/lib/thumb/v6-m\libc_nano.a(lib_a-findfp.o)
                0x000034dc                _cleanup_r
 .text.std.isra.0
                0x000034ec       0x48 d:/7.0/toolchain/arm/arm-gnu-toolchain/bin/../lib/gcc/arm-none-eabi/6.2.1/../../../../arm-none-eabi/lib/thumb/v6-m\libc_nano.a(lib_a-findfp.o)
 .text.__sfmoreglue
                0x00003534       0x2c d:/7.0/toolchain/arm/arm-gnu-toolchain/bin/../lib/gcc/arm-none-eabi/6.2.1/../../../../arm-none-eabi/lib/thumb/v6-m\libc_nano.a(lib_a-findfp.o)
                0x00003534                __sfmoreglue
 .text.__sinit  0x00003560       0x68 d:/7.0/toolchain/arm/arm-gnu-toolchain/bin/../lib/gcc/arm-none-eabi/6.2.1/../../../../arm-none-eabi/lib/thumb/v6-m\libc_nano.a(lib_a-findfp.o)
                0x00003560                __sinit
 .text.__sfp    0x000035c8       0x80 d:/7.0/toolchain/arm/arm-gnu-toolchain/bin/../lib/gcc/arm-none-eabi/6.2.1/../../../../arm-none-eabi/lib/thumb/v6-m\libc_nano.a(lib_a-findfp.o)
                0x000035c8                __sfp
 .text._fwalk_reent
                0x00003648       0x42 d:/7.0/toolchain/arm/arm-gnu-toolchain/bin/../lib/gcc/arm-none-eabi/6.2.1/../../../../arm-none-eabi/lib/thumb/v6-m\libc_nano.a(lib_a-fwalk.o)
                0x00003648                _fwalk_reent
 *fill*         0x0000368a        0x2 
 .text._localeconv_r
                0x0000368c       0x18 d:/7.0/toolchain/arm/arm-gnu-toolchain/bin/../lib/gcc/arm-none-eabi/6.2.1/../../../../arm-none-eabi/lib/thumb/v6-m\libc_nano.a(lib_a-localeconv.o)
                0x0000368c                _localeconv_r
 .text.__swhatbuf_r
                0x000036a4       0x50 d:/7.0/toolchain/arm/arm-gnu-toolchain/bin/../lib/gcc/arm-none-eabi/6.2.1/../../../../arm-none-eabi/lib/thumb/v6-m\libc_nano.a(lib_a-makebuf.o)
                0x000036a4                __swhatbuf_r
 .text.__smakebuf_r
                0x000036f4       0x7c d:/7.0/toolchain/arm/arm-gnu-toolchain/bin/../lib/gcc/arm-none-eabi/6.2.1/../../../../arm-none-eabi/lib/thumb/v6-m\libc_nano.a(lib_a-makebuf.o)
                0x000036f4                __smakebuf_r
 .text.malloc   0x00003770       0x14 d:/7.0/toolchain/arm/arm-gnu-toolchain/bin/../lib/gcc/arm-none-eabi/6.2.1/../../../../arm-none-eabi/lib/thumb/v6-m\libc_nano.a(lib_a-malloc.o)
                0x00003770                malloc
 .text.memchr   0x00003784       0x16 d:/7.0/toolchain/arm/arm-gnu-toolchain/bin/../lib/gcc/arm-none-eabi/6.2.1/../../../../arm-none-eabi/lib/thumb/v6-m\libc_nano.a(lib_a-memchr-stub.o)
                0x00003784                memchr
 .text.memcpy   0x0000379a       0x12 d:/7.0/toolchain/arm/arm-gnu-toolchain/bin/../lib/gcc/arm-none-eabi/6.2.1/../../../../arm-none-eabi/lib/thumb/v6-m\libc_nano.a(lib_a-memcpy-stub.o)
                0x0000379a                memcpy
 .text._Balloc  0x000037ac       0x70 d:/7.0/toolchain/arm/arm-gnu-toolchain/bin/../lib/gcc/arm-none-eabi/6.2.1/../../../../arm-none-eabi/lib/thumb/v6-m\libc_nano.a(lib_a-mprec.o)
                0x000037ac                _Balloc
 .text._Bfree   0x0000381c       0x32 d:/7.0/toolchain/arm/arm-gnu-toolchain/bin/../lib/gcc/arm-none-eabi/6.2.1/../../../../arm-none-eabi/lib/thumb/v6-m\libc_nano.a(lib_a-mprec.o)
                0x0000381c                _Bfree
 .text.__multadd
                0x0000384e       0x78 d:/7.0/toolchain/arm/arm-gnu-toolchain/bin/../lib/gcc/arm-none-eabi/6.2.1/../../../../arm-none-eabi/lib/thumb/v6-m\libc_nano.a(lib_a-mprec.o)
                0x0000384e                __multadd
 .text.__hi0bits
                0x000038c6       0x34 d:/7.0/toolchain/arm/arm-gnu-toolchain/bin/../lib/gcc/arm-none-eabi/6.2.1/../../../../arm-none-eabi/lib/thumb/v6-m\libc_nano.a(lib_a-mprec.o)
                0x000038c6                __hi0bits
 .text.__lo0bits
                0x000038fa       0x5e d:/7.0/toolchain/arm/arm-gnu-toolchain/bin/../lib/gcc/arm-none-eabi/6.2.1/../../../../arm-none-eabi/lib/thumb/v6-m\libc_nano.a(lib_a-mprec.o)
                0x000038fa                __lo0bits
 .text.__i2b    0x00003958       0x12 d:/7.0/toolchain/arm/arm-gnu-toolchain/bin/../lib/gcc/arm-none-eabi/6.2.1/../../../../arm-none-eabi/lib/thumb/v6-m\libc_nano.a(lib_a-mprec.o)
                0x00003958                __i2b
 .text.__multiply
                0x0000396a      0x11e d:/7.0/toolchain/arm/arm-gnu-toolchain/bin/../lib/gcc/arm-none-eabi/6.2.1/../../../../arm-none-eabi/lib/thumb/v6-m\libc_nano.a(lib_a-mprec.o)
                0x0000396a                __multiply
 .text.__pow5mult
                0x00003a88       0xa4 d:/7.0/toolchain/arm/arm-gnu-toolchain/bin/../lib/gcc/arm-none-eabi/6.2.1/../../../../arm-none-eabi/lib/thumb/v6-m\libc_nano.a(lib_a-mprec.o)
                0x00003a88                __pow5mult
 .text.__lshift
                0x00003b2c       0xa2 d:/7.0/toolchain/arm/arm-gnu-toolchain/bin/../lib/gcc/arm-none-eabi/6.2.1/../../../../arm-none-eabi/lib/thumb/v6-m\libc_nano.a(lib_a-mprec.o)
                0x00003b2c                __lshift
 .text.__mcmp   0x00003bce       0x32 d:/7.0/toolchain/arm/arm-gnu-toolchain/bin/../lib/gcc/arm-none-eabi/6.2.1/../../../../arm-none-eabi/lib/thumb/v6-m\libc_nano.a(lib_a-mprec.o)
                0x00003bce                __mcmp
 .text.__mdiff  0x00003c00       0xc8 d:/7.0/toolchain/arm/arm-gnu-toolchain/bin/../lib/gcc/arm-none-eabi/6.2.1/../../../../arm-none-eabi/lib/thumb/v6-m\libc_nano.a(lib_a-mprec.o)
                0x00003c00                __mdiff
 .text.__d2b    0x00003cc8       0xa8 d:/7.0/toolchain/arm/arm-gnu-toolchain/bin/../lib/gcc/arm-none-eabi/6.2.1/../../../../arm-none-eabi/lib/thumb/v6-m\libc_nano.a(lib_a-mprec.o)
                0x00003cc8                __d2b
 .text._calloc_r
                0x00003d70       0x1c d:/7.0/toolchain/arm/arm-gnu-toolchain/bin/../lib/gcc/arm-none-eabi/6.2.1/../../../../arm-none-eabi/lib/thumb/v6-m\libc_nano.a(lib_a-nano-callocr.o)
                0x00003d70                _calloc_r
 .text._free_r  0x00003d8c       0x94 d:/7.0/toolchain/arm/arm-gnu-toolchain/bin/../lib/gcc/arm-none-eabi/6.2.1/../../../../arm-none-eabi/lib/thumb/v6-m\libc_nano.a(lib_a-nano-freer.o)
                0x00003d8c                _free_r
 .text._malloc_r
                0x00003e20       0xbc d:/7.0/toolchain/arm/arm-gnu-toolchain/bin/../lib/gcc/arm-none-eabi/6.2.1/../../../../arm-none-eabi/lib/thumb/v6-m\libc_nano.a(lib_a-nano-mallocr.o)
                0x00003e20                _malloc_r
 .text.__sfputc_r
                0x00003edc       0x2a d:/7.0/toolchain/arm/arm-gnu-toolchain/bin/../lib/gcc/arm-none-eabi/6.2.1/../../../../arm-none-eabi/lib/thumb/v6-m\libc_nano.a(lib_a-nano-vfprintf.o)
 .text.__sfputs_r
                0x00003f06       0x24 d:/7.0/toolchain/arm/arm-gnu-toolchain/bin/../lib/gcc/arm-none-eabi/6.2.1/../../../../arm-none-eabi/lib/thumb/v6-m\libc_nano.a(lib_a-nano-vfprintf.o)
                0x00003f06                __sfputs_r
 *fill*         0x00003f2a        0x2 
 .text._vfprintf_r
                0x00003f2c      0x238 d:/7.0/toolchain/arm/arm-gnu-toolchain/bin/../lib/gcc/arm-none-eabi/6.2.1/../../../../arm-none-eabi/lib/thumb/v6-m\libc_nano.a(lib_a-nano-vfprintf.o)
                0x00003f2c                _vfprintf_r
                0x00003f2c                _vfiprintf_r
 .text._sbrk_r  0x00004164       0x24 d:/7.0/toolchain/arm/arm-gnu-toolchain/bin/../lib/gcc/arm-none-eabi/6.2.1/../../../../arm-none-eabi/lib/thumb/v6-m\libc_nano.a(lib_a-sbrkr.o)
                0x00004164                _sbrk_r
 .text.__sread  0x00004188       0x28 d:/7.0/toolchain/arm/arm-gnu-toolchain/bin/../lib/gcc/arm-none-eabi/6.2.1/../../../../arm-none-eabi/lib/thumb/v6-m\libc_nano.a(lib_a-stdio.o)
                0x00004188                __sread
 .text.__swrite
                0x000041b0       0x38 d:/7.0/toolchain/arm/arm-gnu-toolchain/bin/../lib/gcc/arm-none-eabi/6.2.1/../../../../arm-none-eabi/lib/thumb/v6-m\libc_nano.a(lib_a-stdio.o)
                0x000041b0                __swrite
 .text.__sseek  0x000041e8       0x2c d:/7.0/toolchain/arm/arm-gnu-toolchain/bin/../lib/gcc/arm-none-eabi/6.2.1/../../../../arm-none-eabi/lib/thumb/v6-m\libc_nano.a(lib_a-stdio.o)
                0x000041e8                __sseek
 .text.__sclose
                0x00004214        0xc d:/7.0/toolchain/arm/arm-gnu-toolchain/bin/../lib/gcc/arm-none-eabi/6.2.1/../../../../arm-none-eabi/lib/thumb/v6-m\libc_nano.a(lib_a-stdio.o)
                0x00004214                __sclose
 .text._write_r
                0x00004220       0x28 d:/7.0/toolchain/arm/arm-gnu-toolchain/bin/../lib/gcc/arm-none-eabi/6.2.1/../../../../arm-none-eabi/lib/thumb/v6-m\libc_nano.a(lib_a-writer.o)
                0x00004220                _write_r
 .text._close_r
                0x00004248       0x24 d:/7.0/toolchain/arm/arm-gnu-toolchain/bin/../lib/gcc/arm-none-eabi/6.2.1/../../../../arm-none-eabi/lib/thumb/v6-m\libc_nano.a(lib_a-closer.o)
                0x00004248                _close_r
 .text._fstat_r
                0x0000426c       0x24 d:/7.0/toolchain/arm/arm-gnu-toolchain/bin/../lib/gcc/arm-none-eabi/6.2.1/../../../../arm-none-eabi/lib/thumb/v6-m\libc_nano.a(lib_a-fstatr.o)
                0x0000426c                _fstat_r
 .text._isatty_r
                0x00004290       0x24 d:/7.0/toolchain/arm/arm-gnu-toolchain/bin/../lib/gcc/arm-none-eabi/6.2.1/../../../../arm-none-eabi/lib/thumb/v6-m\libc_nano.a(lib_a-isattyr.o)
                0x00004290                _isatty_r
 .text._lseek_r
                0x000042b4       0x28 d:/7.0/toolchain/arm/arm-gnu-toolchain/bin/../lib/gcc/arm-none-eabi/6.2.1/../../../../arm-none-eabi/lib/thumb/v6-m\libc_nano.a(lib_a-lseekr.o)
                0x000042b4                _lseek_r
 .text.__ascii_mbtowc
                0x000042dc       0x24 d:/7.0/toolchain/arm/arm-gnu-toolchain/bin/../lib/gcc/arm-none-eabi/6.2.1/../../../../arm-none-eabi/lib/thumb/v6-m\libc_nano.a(lib_a-mbtowc_r.o)
                0x000042dc                __ascii_mbtowc
 .text.__malloc_lock
                0x00004300        0x2 d:/7.0/toolchain/arm/arm-gnu-toolchain/bin/../lib/gcc/arm-none-eabi/6.2.1/../../../../arm-none-eabi/lib/thumb/v6-m\libc_nano.a(lib_a-mlock.o)
                0x00004300                __malloc_lock
 .text.__malloc_unlock
                0x00004302        0x2 d:/7.0/toolchain/arm/arm-gnu-toolchain/bin/../lib/gcc/arm-none-eabi/6.2.1/../../../../arm-none-eabi/lib/thumb/v6-m\libc_nano.a(lib_a-mlock.o)
                0x00004302                __malloc_unlock
 .text._read_r  0x00004304       0x28 d:/7.0/toolchain/arm/arm-gnu-toolchain/bin/../lib/gcc/arm-none-eabi/6.2.1/../../../../arm-none-eabi/lib/thumb/v6-m\libc_nano.a(lib_a-readr.o)
                0x00004304                _read_r
 .text.__ascii_wctomb
                0x0000432c       0x18 d:/7.0/toolchain/arm/arm-gnu-toolchain/bin/../lib/gcc/arm-none-eabi/6.2.1/../../../../arm-none-eabi/lib/thumb/v6-m\libc_nano.a(lib_a-wctomb_r.o)
                0x0000432c                __ascii_wctomb
 .text          0x00004344       0x14 d:/7.0/toolchain/arm/arm-gnu-toolchain/bin/../lib/gcc/arm-none-eabi/6.2.1/thumb/v6-m\libgcc.a(_thumb1_case_uqi.o)
                0x00004344                __gnu_thumb1_case_uqi
 .text          0x00004358      0x114 d:/7.0/toolchain/arm/arm-gnu-toolchain/bin/../lib/gcc/arm-none-eabi/6.2.1/thumb/v6-m\libgcc.a(_udivsi3.o)
                0x00004358                __aeabi_uidiv
                0x00004358                __udivsi3
                0x00004464                __aeabi_uidivmod
 .text          0x0000446c      0x1d4 d:/7.0/toolchain/arm/arm-gnu-toolchain/bin/../lib/gcc/arm-none-eabi/6.2.1/thumb/v6-m\libgcc.a(_divsi3.o)
                0x0000446c                __divsi3
                0x0000446c                __aeabi_idiv
                0x00004638                __aeabi_idivmod
 .text          0x00004640        0x4 d:/7.0/toolchain/arm/arm-gnu-toolchain/bin/../lib/gcc/arm-none-eabi/6.2.1/thumb/v6-m\libgcc.a(_dvmd_tls.o)
                0x00004640                __aeabi_idiv0
                0x00004640                __aeabi_ldiv0
 .text          0x00004644       0x7c d:/7.0/toolchain/arm/arm-gnu-toolchain/bin/../lib/gcc/arm-none-eabi/6.2.1/thumb/v6-m\libgcc.a(_arm_cmpdf2.o)
                0x00004644                __aeabi_cdrcmple
                0x00004654                __aeabi_cdcmple
                0x00004654                __aeabi_cdcmpeq
                0x00004664                __aeabi_dcmpeq
                0x00004670                __aeabi_dcmplt
                0x00004684                __aeabi_dcmple
                0x00004698                __aeabi_dcmpgt
                0x000046ac                __aeabi_dcmpge
 .text          0x000046c0       0x54 d:/7.0/toolchain/arm/arm-gnu-toolchain/bin/../lib/gcc/arm-none-eabi/6.2.1/thumb/v6-m\libgcc.a(_muldi3.o)
                0x000046c0                __muldi3
                0x000046c0                __aeabi_lmul
 .text          0x00004714       0xa0 d:/7.0/toolchain/arm/arm-gnu-toolchain/bin/../lib/gcc/arm-none-eabi/6.2.1/thumb/v6-m\libgcc.a(floatsisf.o)
                0x00004714                __aeabi_i2f
 .text          0x000047b4      0x620 d:/7.0/toolchain/arm/arm-gnu-toolchain/bin/../lib/gcc/arm-none-eabi/6.2.1/thumb/v6-m\libgcc.a(adddf3.o)
                0x000047b4                __aeabi_dadd
 .text          0x00004dd4      0x668 d:/7.0/toolchain/arm/arm-gnu-toolchain/bin/../lib/gcc/arm-none-eabi/6.2.1/thumb/v6-m\libgcc.a(divdf3.o)
                0x00004dd4                __aeabi_ddiv
 .text          0x0000543c       0x74 d:/7.0/toolchain/arm/arm-gnu-toolchain/bin/../lib/gcc/arm-none-eabi/6.2.1/thumb/v6-m\libgcc.a(eqdf2.o)
                0x0000543c                __nedf2
                0x0000543c                __eqdf2
 .text          0x000054b0       0xc8 d:/7.0/toolchain/arm/arm-gnu-toolchain/bin/../lib/gcc/arm-none-eabi/6.2.1/thumb/v6-m\libgcc.a(gedf2.o)
                0x000054b0                __gedf2
                0x000054b0                __gtdf2
 .text          0x00005578       0xc4 d:/7.0/toolchain/arm/arm-gnu-toolchain/bin/../lib/gcc/arm-none-eabi/6.2.1/thumb/v6-m\libgcc.a(ledf2.o)
                0x00005578                __ledf2
                0x00005578                __ltdf2
 .text          0x0000563c      0x500 d:/7.0/toolchain/arm/arm-gnu-toolchain/bin/../lib/gcc/arm-none-eabi/6.2.1/thumb/v6-m\libgcc.a(muldf3.o)
                0x0000563c                __aeabi_dmul
 .text          0x00005b3c      0x62c d:/7.0/toolchain/arm/arm-gnu-toolchain/bin/../lib/gcc/arm-none-eabi/6.2.1/thumb/v6-m\libgcc.a(subdf3.o)
                0x00005b3c                __aeabi_dsub
 .text          0x00006168       0x40 d:/7.0/toolchain/arm/arm-gnu-toolchain/bin/../lib/gcc/arm-none-eabi/6.2.1/thumb/v6-m\libgcc.a(unorddf2.o)
                0x00006168                __aeabi_dcmpun
 .text          0x000061a8       0x68 d:/7.0/toolchain/arm/arm-gnu-toolchain/bin/../lib/gcc/arm-none-eabi/6.2.1/thumb/v6-m\libgcc.a(fixdfsi.o)
                0x000061a8                __aeabi_d2iz
 .text          0x00006210       0x84 d:/7.0/toolchain/arm/arm-gnu-toolchain/bin/../lib/gcc/arm-none-eabi/6.2.1/thumb/v6-m\libgcc.a(floatsidf.o)
                0x00006210                __aeabi_i2d
 .text          0x00006294       0x70 d:/7.0/toolchain/arm/arm-gnu-toolchain/bin/../lib/gcc/arm-none-eabi/6.2.1/thumb/v6-m\libgcc.a(floatunsidf.o)
                0x00006294                __aeabi_ui2d
 .text          0x00006304       0xa4 d:/7.0/toolchain/arm/arm-gnu-toolchain/bin/../lib/gcc/arm-none-eabi/6.2.1/thumb/v6-m\libgcc.a(extendsfdf2.o)
                0x00006304                __aeabi_f2d
 .text          0x000063a8      0x114 d:/7.0/toolchain/arm/arm-gnu-toolchain/bin/../lib/gcc/arm-none-eabi/6.2.1/thumb/v6-m\libgcc.a(truncdfsf2.o)
                0x000063a8                __aeabi_d2f
 .text          0x000064bc       0x3c d:/7.0/toolchain/arm/arm-gnu-toolchain/bin/../lib/gcc/arm-none-eabi/6.2.1/thumb/v6-m\libgcc.a(_clzsi2.o)
                0x000064bc                __clzsi2
 *(.glue_7t)
 .glue_7t       0x000064f8        0x0 linker stubs
 *(.glue_7)
 .glue_7        0x000064f8        0x0 linker stubs
 *(.rodata .rodata* .gnu.linkonce.r.*)
 .rodata        0x000064f8       0x18 AIS328DQ.o
 .rodata.str1.4
                0x00006510       0x44 main.o
                                 0x42 (size before relaxing)
 .rodata        0x00006554       0x18 src/ASF/sam0/drivers/sercom/sercom.o
 .rodata.system_clock_source_get_hz
                0x0000656c       0x24 src/ASF/sam0/drivers/system/clock/clock_samd21_r21_da_ha1/clock.o
 .rodata._global_impure_ptr
                0x00006590        0x4 d:/7.0/toolchain/arm/arm-gnu-toolchain/bin/../lib/gcc/arm-none-eabi/6.2.1/../../../../arm-none-eabi/lib/thumb/v6-m\libc_nano.a(lib_a-impure.o)
                0x00006590                _global_impure_ptr
 .rodata._printf_float.str1.1
                0x00006594       0x12 d:/7.0/toolchain/arm/arm-gnu-toolchain/bin/../lib/gcc/arm-none-eabi/6.2.1/../../../../arm-none-eabi/lib/thumb/v6-m\libc_nano.a(lib_a-nano-vfprintf_float.o)
 .rodata._printf_i.str1.1
                0x000065a6       0x22 d:/7.0/toolchain/arm/arm-gnu-toolchain/bin/../lib/gcc/arm-none-eabi/6.2.1/../../../../arm-none-eabi/lib/thumb/v6-m\libc_nano.a(lib_a-nano-vfprintf_i.o)
 .rodata._dtoa_r.str1.1
                0x000065c8        0xd d:/7.0/toolchain/arm/arm-gnu-toolchain/bin/../lib/gcc/arm-none-eabi/6.2.1/../../../../arm-none-eabi/lib/thumb/v6-m\libc_nano.a(lib_a-dtoa.o)
                                  0xf (size before relaxing)
 *fill*         0x000065d5        0x3 
 .rodata.__sf_fake_stderr
                0x000065d8       0x20 d:/7.0/toolchain/arm/arm-gnu-toolchain/bin/../lib/gcc/arm-none-eabi/6.2.1/../../../../arm-none-eabi/lib/thumb/v6-m\libc_nano.a(lib_a-findfp.o)
                0x000065d8                __sf_fake_stderr
 .rodata.__sf_fake_stdin
                0x000065f8       0x20 d:/7.0/toolchain/arm/arm-gnu-toolchain/bin/../lib/gcc/arm-none-eabi/6.2.1/../../../../arm-none-eabi/lib/thumb/v6-m\libc_nano.a(lib_a-findfp.o)
                0x000065f8                __sf_fake_stdin
 .rodata.__sf_fake_stdout
                0x00006618       0x20 d:/7.0/toolchain/arm/arm-gnu-toolchain/bin/../lib/gcc/arm-none-eabi/6.2.1/../../../../arm-none-eabi/lib/thumb/v6-m\libc_nano.a(lib_a-findfp.o)
                0x00006618                __sf_fake_stdout
 .rodata.__mprec_bigtens
                0x00006638       0x28 d:/7.0/toolchain/arm/arm-gnu-toolchain/bin/../lib/gcc/arm-none-eabi/6.2.1/../../../../arm-none-eabi/lib/thumb/v6-m\libc_nano.a(lib_a-mprec.o)
                0x00006638                __mprec_bigtens
 .rodata.__mprec_tens
                0x00006660       0xc8 d:/7.0/toolchain/arm/arm-gnu-toolchain/bin/../lib/gcc/arm-none-eabi/6.2.1/../../../../arm-none-eabi/lib/thumb/v6-m\libc_nano.a(lib_a-mprec.o)
                0x00006660                __mprec_tens
 .rodata.p05.6052
                0x00006728        0xc d:/7.0/toolchain/arm/arm-gnu-toolchain/bin/../lib/gcc/arm-none-eabi/6.2.1/../../../../arm-none-eabi/lib/thumb/v6-m\libc_nano.a(lib_a-mprec.o)
 .rodata._vfprintf_r.str1.1
                0x00006734       0x11 d:/7.0/toolchain/arm/arm-gnu-toolchain/bin/../lib/gcc/arm-none-eabi/6.2.1/../../../../arm-none-eabi/lib/thumb/v6-m\libc_nano.a(lib_a-nano-vfprintf.o)
 .rodata._setlocale_r.str1.1
                0x00006745        0x8 d:/7.0/toolchain/arm/arm-gnu-toolchain/bin/../lib/gcc/arm-none-eabi/6.2.1/../../../../arm-none-eabi/lib/thumb/v6-m\libc_nano.a(lib_a-locale.o)
                                  0x9 (size before relaxing)
 .rodata.str1.1
                0x0000674d        0x2 d:/7.0/toolchain/arm/arm-gnu-toolchain/bin/../lib/gcc/arm-none-eabi/6.2.1/../../../../arm-none-eabi/lib/thumb/v6-m\libc_nano.a(lib_a-locale.o)
 .rodata._ctype_
                0x0000674f      0x101 d:/7.0/toolchain/arm/arm-gnu-toolchain/bin/../lib/gcc/arm-none-eabi/6.2.1/../../../../arm-none-eabi/lib/thumb/v6-m\libc_nano.a(lib_a-ctype_.o)
                0x0000674f                _ctype_
 .rodata        0x00006850       0x40 d:/7.0/toolchain/arm/arm-gnu-toolchain/bin/../lib/gcc/arm-none-eabi/6.2.1/thumb/v6-m\libgcc.a(divdf3.o)
 .rodata        0x00006890       0x40 d:/7.0/toolchain/arm/arm-gnu-toolchain/bin/../lib/gcc/arm-none-eabi/6.2.1/thumb/v6-m\libgcc.a(muldf3.o)
 *(.ARM.extab* .gnu.linkonce.armextab.*)
                0x000068d0                . = ALIGN (0x4)
 *(.init)
 .init          0x000068d0        0x4 d:/7.0/toolchain/arm/arm-gnu-toolchain/bin/../lib/gcc/arm-none-eabi/6.2.1/thumb/v6-m/crti.o
                0x000068d0                _init
 .init          0x000068d4        0x8 d:/7.0/toolchain/arm/arm-gnu-toolchain/bin/../lib/gcc/arm-none-eabi/6.2.1/thumb/v6-m/crtn.o
                0x000068dc                . = ALIGN (0x4)
                0x000068dc                __preinit_array_start = .
 *(.preinit_array)
                0x000068dc                __preinit_array_end = .
                0x000068dc                . = ALIGN (0x4)
                0x000068dc                __init_array_start = .
 *(SORT(.init_array.*))
 *(.init_array)
 .init_array    0x000068dc        0x4 d:/7.0/toolchain/arm/arm-gnu-toolchain/bin/../lib/gcc/arm-none-eabi/6.2.1/thumb/v6-m/crtbegin.o
 .init_array    0x000068e0        0x4 main.o
                0x000068e4                __init_array_end = .
                0x000068e4                . = ALIGN (0x4)
 *crtbegin.o(.ctors)
 *(EXCLUDE_FILE(*crtend.o) .ctors)
 *(SORT(.ctors.*))
 *crtend.o(.ctors)
                0x000068e4                . = ALIGN (0x4)
 *(.fini)
 .fini          0x000068e4        0x4 d:/7.0/toolchain/arm/arm-gnu-toolchain/bin/../lib/gcc/arm-none-eabi/6.2.1/thumb/v6-m/crti.o
                0x000068e4                _fini
 .fini          0x000068e8        0x8 d:/7.0/toolchain/arm/arm-gnu-toolchain/bin/../lib/gcc/arm-none-eabi/6.2.1/thumb/v6-m/crtn.o
                0x000068f0                . = ALIGN (0x4)
                0x000068f0                __fini_array_start = .
 *(.fini_array)
 .fini_array    0x000068f0        0x4 d:/7.0/toolchain/arm/arm-gnu-toolchain/bin/../lib/gcc/arm-none-eabi/6.2.1/thumb/v6-m/crtbegin.o
 *(SORT(.fini_array.*))
                0x000068f4                __fini_array_end = .
 *crtbegin.o(.dtors)
 *(EXCLUDE_FILE(*crtend.o) .dtors)
 *(SORT(.dtors.*))
 *crtend.o(.dtors)
                0x000068f4                . = ALIGN (0x4)
                0x000068f4                _efixed = .
                [!provide]                PROVIDE (__exidx_start, .)

.vfp11_veneer   0x000068f4        0x0
 .vfp11_veneer  0x000068f4        0x0 linker stubs

.v4_bx          0x000068f4        0x0
 .v4_bx         0x000068f4        0x0 linker stubs

.iplt           0x000068f4        0x0
 .iplt          0x000068f4        0x0 d:/7.0/toolchain/arm/arm-gnu-toolchain/bin/../lib/gcc/arm-none-eabi/6.2.1/thumb/v6-m/crtbegin.o

.eh_frame       0x000068f4        0x0
 .eh_frame      0x000068f4        0x0 d:/7.0/toolchain/arm/arm-gnu-toolchain/bin/../lib/gcc/arm-none-eabi/6.2.1/thumb/v6-m/crtbegin.o

.rel.dyn        0x000068f4        0x0
 .rel.iplt      0x000068f4        0x0 d:/7.0/toolchain/arm/arm-gnu-toolchain/bin/../lib/gcc/arm-none-eabi/6.2.1/thumb/v6-m/crtbegin.o

.jcr            0x000068f4        0x0
 .jcr           0x000068f4        0x0 d:/7.0/toolchain/arm/arm-gnu-toolchain/bin/../lib/gcc/arm-none-eabi/6.2.1/thumb/v6-m/crtbegin.o

.igot.plt       0x000068f4        0x0
 .igot.plt      0x000068f4        0x0 d:/7.0/toolchain/arm/arm-gnu-toolchain/bin/../lib/gcc/arm-none-eabi/6.2.1/thumb/v6-m/crtbegin.o

.ARM.exidx
 *(.ARM.exidx* .gnu.linkonce.armexidx.*)
                [!provide]                PROVIDE (__exidx_end, .)
                0x000068f4                . = ALIGN (0x4)
                0x000068f4                _etext = .

.relocate       0x20000000      0x1e8 load address 0x000068f4
                0x20000000                . = ALIGN (0x4)
                0x20000000                _srelocate = .
 *(.ramfunc .ramfunc.*)
 *(.data .data.*)
 .data          0x20000000        0x6 AIS328DQ.o
 *fill*         0x20000006        0x2 
 .data.cycles_per_ms
                0x20000008        0x4 src/ASF/common2/services/delay/sam0/systick_counter.o
 .data.cycles_per_us
                0x2000000c        0x4 src/ASF/common2/services/delay/sam0/systick_counter.o
 .data.g_interrupt_enabled
                0x20000010        0x1 src/ASF/common/utils/interrupt/interrupt_sam_nvic.o
                0x20000010                g_interrupt_enabled
 *fill*         0x20000011        0x3 
 .data.SystemCoreClock
                0x20000014        0x4 src/ASF/sam0/utils/cmsis/samha1/source/system_samha1.o
                0x20000014                SystemCoreClock
 .data._impure_ptr
                0x20000018        0x4 d:/7.0/toolchain/arm/arm-gnu-toolchain/bin/../lib/gcc/arm-none-eabi/6.2.1/../../../../arm-none-eabi/lib/thumb/v6-m\libc_nano.a(lib_a-impure.o)
                0x20000018                _impure_ptr
 .data.impure_data
                0x2000001c       0x60 d:/7.0/toolchain/arm/arm-gnu-toolchain/bin/../lib/gcc/arm-none-eabi/6.2.1/../../../../arm-none-eabi/lib/thumb/v6-m\libc_nano.a(lib_a-impure.o)
 .data.__global_locale
                0x2000007c      0x16c d:/7.0/toolchain/arm/arm-gnu-toolchain/bin/../lib/gcc/arm-none-eabi/6.2.1/../../../../arm-none-eabi/lib/thumb/v6-m\libc_nano.a(lib_a-locale.o)
                0x2000007c                __global_locale
                0x200001e8                . = ALIGN (0x4)
                0x200001e8                _erelocate = .

.bss            0x200001e8       0xc4 load address 0x00006adc
                0x200001e8                . = ALIGN (0x4)
                0x200001e8                _sbss = .
                0x200001e8                _szero = .
 *(.bss .bss.*)
 .bss           0x200001e8       0x1c d:/7.0/toolchain/arm/arm-gnu-toolchain/bin/../lib/gcc/arm-none-eabi/6.2.1/thumb/v6-m/crtbegin.o
 .bss           0x20000204       0x48 AIS328DQ.o
                0x20000204                config_i2c_master
                0x20000238                i2c_master_instance
 .bss           0x2000024c       0x20 main.o
                0x2000024c                usart_instance
                0x20000258                _AIS328DQ
 .bss._sercom_config
                0x2000026c        0x2 src/ASF/sam0/drivers/sercom/sercom.o
 *fill*         0x2000026e        0x2 
 .bss.cpu_irq_critical_section_counter
                0x20000270        0x4 src/ASF/common/utils/interrupt/interrupt_sam_nvic.o
 .bss.cpu_irq_prev_interrupt_state
                0x20000274        0x1 src/ASF/common/utils/interrupt/interrupt_sam_nvic.o
 *fill*         0x20000275        0x3 
 .bss._system_clock_inst
                0x20000278       0x18 src/ASF/sam0/drivers/system/clock/clock_samd21_r21_da_ha1/clock.o
 .bss.heap.5276
                0x20000290        0x4 src/ASF/sam0/utils/syscalls/gcc/syscalls.o
 .bss.__malloc_free_list
                0x20000294        0x4 d:/7.0/toolchain/arm/arm-gnu-toolchain/bin/../lib/gcc/arm-none-eabi/6.2.1/../../../../arm-none-eabi/lib/thumb/v6-m\libc_nano.a(lib_a-nano-mallocr.o)
                0x20000294                __malloc_free_list
 .bss.__malloc_sbrk_start
                0x20000298        0x4 d:/7.0/toolchain/arm/arm-gnu-toolchain/bin/../lib/gcc/arm-none-eabi/6.2.1/../../../../arm-none-eabi/lib/thumb/v6-m\libc_nano.a(lib_a-nano-mallocr.o)
                0x20000298                __malloc_sbrk_start
 *(COMMON)
 COMMON         0x2000029c        0x4 src/ASF/sam0/utils/stdio/read.o
                0x2000029c                ptr_get
 COMMON         0x200002a0        0x8 src/ASF/sam0/utils/stdio/write.o
                0x200002a0                ptr_put
                0x200002a4                stdio_base
 COMMON         0x200002a8        0x4 d:/7.0/toolchain/arm/arm-gnu-toolchain/bin/../lib/gcc/arm-none-eabi/6.2.1/../../../../arm-none-eabi/lib/thumb/v6-m\libc_nano.a(lib_a-reent.o)
                0x200002a8                errno
                0x200002ac                . = ALIGN (0x4)
                0x200002ac                _ebss = .
                0x200002ac                _ezero = .

.stack          0x200002ac      0x804 load address 0x00006ba0
                0x200002b0                . = ALIGN (0x8)
 *fill*         0x200002ac        0x4 
                0x200002b0                _sstack = .
                0x20000ab0                . = (. + STACK_SIZE)
 *fill*         0x200002b0      0x800 
                0x20000ab0                . = ALIGN (0x8)
                0x20000ab0                _estack = .
                0x20000ab0                . = ALIGN (0x4)
                0x20000ab0                _end = .
OUTPUT(Accelerometer_AIS328DQ.elf elf32-littlearm)

.ARM.attributes
                0x00000000       0x28
 .ARM.attributes
                0x00000000       0x1e d:/7.0/toolchain/arm/arm-gnu-toolchain/bin/../lib/gcc/arm-none-eabi/6.2.1/thumb/v6-m/crti.o
 .ARM.attributes
                0x0000001e       0x2c d:/7.0/toolchain/arm/arm-gnu-toolchain/bin/../lib/gcc/arm-none-eabi/6.2.1/thumb/v6-m/crtbegin.o
 .ARM.attributes
                0x0000004a       0x32 AIS328DQ.o
 .ARM.attributes
                0x0000007c       0x32 main.o
 .ARM.attributes
                0x000000ae       0x32 src/ASF/sam0/drivers/sercom/i2c/i2c_sam0/i2c_master.o
 .ARM.attributes
                0x000000e0       0x32 src/ASF/sam0/drivers/sercom/sercom.o
 .ARM.attributes
                0x00000112       0x32 src/ASF/common2/services/delay/sam0/systick_counter.o
 .ARM.attributes
                0x00000144       0x32 src/ASF/common/utils/interrupt/interrupt_sam_nvic.o
 .ARM.attributes
                0x00000176       0x32 src/ASF/sam0/boards/samha1g16a_xplained_pro/board_init.o
 .ARM.attributes
                0x000001a8       0x32 src/ASF/sam0/drivers/port/port.o
 .ARM.attributes
                0x000001da       0x32 src/ASF/sam0/drivers/sercom/usart/usart.o
 .ARM.attributes
                0x0000020c       0x32 src/ASF/sam0/drivers/system/clock/clock_samd21_r21_da_ha1/clock.o
 .ARM.attributes
                0x0000023e       0x32 src/ASF/sam0/drivers/system/clock/clock_samd21_r21_da_ha1/gclk.o
 .ARM.attributes
                0x00000270       0x32 src/ASF/sam0/drivers/system/pinmux/pinmux.o
 .ARM.attributes
                0x000002a2       0x32 src/ASF/sam0/utils/cmsis/samha1/source/gcc/startup_samha1.o
 .ARM.attributes
                0x000002d4       0x32 src/ASF/sam0/utils/cmsis/samha1/source/system_samha1.o
 .ARM.attributes
                0x00000306       0x32 src/ASF/sam0/utils/stdio/read.o
 .ARM.attributes
                0x00000338       0x32 src/ASF/sam0/utils/stdio/write.o
 .ARM.attributes
                0x0000036a       0x32 src/ASF/sam0/utils/syscalls/gcc/syscalls.o
 .ARM.attributes
                0x0000039c       0x2c d:/7.0/toolchain/arm/arm-gnu-toolchain/bin/../lib/gcc/arm-none-eabi/6.2.1/../../../../arm-none-eabi/lib/thumb/v6-m\libc_nano.a(lib_a-impure.o)
 .ARM.attributes
                0x000003c8       0x2c d:/7.0/toolchain/arm/arm-gnu-toolchain/bin/../lib/gcc/arm-none-eabi/6.2.1/../../../../arm-none-eabi/lib/thumb/v6-m\libc_nano.a(lib_a-init.o)
 .ARM.attributes
                0x000003f4       0x2c d:/7.0/toolchain/arm/arm-gnu-toolchain/bin/../lib/gcc/arm-none-eabi/6.2.1/../../../../arm-none-eabi/lib/thumb/v6-m\libc_nano.a(lib_a-memset.o)
 .ARM.attributes
                0x00000420       0x2c d:/7.0/toolchain/arm/arm-gnu-toolchain/bin/../lib/gcc/arm-none-eabi/6.2.1/../../../../arm-none-eabi/lib/thumb/v6-m\libc_nano.a(lib_a-nano-vfprintf_float.o)
 .ARM.attributes
                0x0000044c       0x2c d:/7.0/toolchain/arm/arm-gnu-toolchain/bin/../lib/gcc/arm-none-eabi/6.2.1/../../../../arm-none-eabi/lib/thumb/v6-m\libc_nano.a(lib_a-nano-vfprintf_i.o)
 .ARM.attributes
                0x00000478       0x2c d:/7.0/toolchain/arm/arm-gnu-toolchain/bin/../lib/gcc/arm-none-eabi/6.2.1/../../../../arm-none-eabi/lib/thumb/v6-m\libc_nano.a(lib_a-printf.o)
 .ARM.attributes
                0x000004a4       0x2c d:/7.0/toolchain/arm/arm-gnu-toolchain/bin/../lib/gcc/arm-none-eabi/6.2.1/../../../../arm-none-eabi/lib/thumb/v6-m\libc_nano.a(lib_a-puts.o)
 .ARM.attributes
                0x000004d0       0x2c d:/7.0/toolchain/arm/arm-gnu-toolchain/bin/../lib/gcc/arm-none-eabi/6.2.1/../../../../arm-none-eabi/lib/thumb/v6-m\libc_nano.a(lib_a-setbuf.o)
 .ARM.attributes
                0x000004fc       0x2c d:/7.0/toolchain/arm/arm-gnu-toolchain/bin/../lib/gcc/arm-none-eabi/6.2.1/../../../../arm-none-eabi/lib/thumb/v6-m\libc_nano.a(lib_a-setvbuf.o)
 .ARM.attributes
                0x00000528       0x1c d:/7.0/toolchain/arm/arm-gnu-toolchain/bin/../lib/gcc/arm-none-eabi/6.2.1/../../../../arm-none-eabi/lib/thumb/v6-m\libc_nano.a(lib_a-strlen.o)
 .ARM.attributes
                0x00000544       0x2c d:/7.0/toolchain/arm/arm-gnu-toolchain/bin/../lib/gcc/arm-none-eabi/6.2.1/../../../../arm-none-eabi/lib/thumb/v6-m\libc_nano.a(lib_a-wbuf.o)
 .ARM.attributes
                0x00000570       0x2c d:/7.0/toolchain/arm/arm-gnu-toolchain/bin/../lib/gcc/arm-none-eabi/6.2.1/../../../../arm-none-eabi/lib/thumb/v6-m\libc_nano.a(lib_a-wsetup.o)
 .ARM.attributes
                0x0000059c       0x2c d:/7.0/toolchain/arm/arm-gnu-toolchain/bin/../lib/gcc/arm-none-eabi/6.2.1/../../../../arm-none-eabi/lib/thumb/v6-m\libc_nano.a(lib_a-dtoa.o)
 .ARM.attributes
                0x000005c8       0x2c d:/7.0/toolchain/arm/arm-gnu-toolchain/bin/../lib/gcc/arm-none-eabi/6.2.1/../../../../arm-none-eabi/lib/thumb/v6-m\libc_nano.a(lib_a-fflush.o)
 .ARM.attributes
                0x000005f4       0x2c d:/7.0/toolchain/arm/arm-gnu-toolchain/bin/../lib/gcc/arm-none-eabi/6.2.1/../../../../arm-none-eabi/lib/thumb/v6-m\libc_nano.a(lib_a-findfp.o)
 .ARM.attributes
                0x00000620       0x2c d:/7.0/toolchain/arm/arm-gnu-toolchain/bin/../lib/gcc/arm-none-eabi/6.2.1/../../../../arm-none-eabi/lib/thumb/v6-m\libc_nano.a(lib_a-fwalk.o)
 .ARM.attributes
                0x0000064c       0x2c d:/7.0/toolchain/arm/arm-gnu-toolchain/bin/../lib/gcc/arm-none-eabi/6.2.1/../../../../arm-none-eabi/lib/thumb/v6-m\libc_nano.a(lib_a-localeconv.o)
 .ARM.attributes
                0x00000678       0x2c d:/7.0/toolchain/arm/arm-gnu-toolchain/bin/../lib/gcc/arm-none-eabi/6.2.1/../../../../arm-none-eabi/lib/thumb/v6-m\libc_nano.a(lib_a-makebuf.o)
 .ARM.attributes
                0x000006a4       0x2c d:/7.0/toolchain/arm/arm-gnu-toolchain/bin/../lib/gcc/arm-none-eabi/6.2.1/../../../../arm-none-eabi/lib/thumb/v6-m\libc_nano.a(lib_a-malloc.o)
 .ARM.attributes
                0x000006d0       0x2c d:/7.0/toolchain/arm/arm-gnu-toolchain/bin/../lib/gcc/arm-none-eabi/6.2.1/../../../../arm-none-eabi/lib/thumb/v6-m\libc_nano.a(lib_a-memchr-stub.o)
 .ARM.attributes
                0x000006fc       0x2c d:/7.0/toolchain/arm/arm-gnu-toolchain/bin/../lib/gcc/arm-none-eabi/6.2.1/../../../../arm-none-eabi/lib/thumb/v6-m\libc_nano.a(lib_a-memcpy-stub.o)
 .ARM.attributes
                0x00000728       0x2c d:/7.0/toolchain/arm/arm-gnu-toolchain/bin/../lib/gcc/arm-none-eabi/6.2.1/../../../../arm-none-eabi/lib/thumb/v6-m\libc_nano.a(lib_a-mprec.o)
 .ARM.attributes
                0x00000754       0x2c d:/7.0/toolchain/arm/arm-gnu-toolchain/bin/../lib/gcc/arm-none-eabi/6.2.1/../../../../arm-none-eabi/lib/thumb/v6-m\libc_nano.a(lib_a-nano-callocr.o)
 .ARM.attributes
                0x00000780       0x2c d:/7.0/toolchain/arm/arm-gnu-toolchain/bin/../lib/gcc/arm-none-eabi/6.2.1/../../../../arm-none-eabi/lib/thumb/v6-m\libc_nano.a(lib_a-nano-freer.o)
 .ARM.attributes
                0x000007ac       0x2c d:/7.0/toolchain/arm/arm-gnu-toolchain/bin/../lib/gcc/arm-none-eabi/6.2.1/../../../../arm-none-eabi/lib/thumb/v6-m\libc_nano.a(lib_a-nano-mallocr.o)
 .ARM.attributes
                0x000007d8       0x2c d:/7.0/toolchain/arm/arm-gnu-toolchain/bin/../lib/gcc/arm-none-eabi/6.2.1/../../../../arm-none-eabi/lib/thumb/v6-m\libc_nano.a(lib_a-nano-vfprintf.o)
 .ARM.attributes
                0x00000804       0x2c d:/7.0/toolchain/arm/arm-gnu-toolchain/bin/../lib/gcc/arm-none-eabi/6.2.1/../../../../arm-none-eabi/lib/thumb/v6-m\libc_nano.a(lib_a-sbrkr.o)
 .ARM.attributes
                0x00000830       0x2c d:/7.0/toolchain/arm/arm-gnu-toolchain/bin/../lib/gcc/arm-none-eabi/6.2.1/../../../../arm-none-eabi/lib/thumb/v6-m\libc_nano.a(lib_a-stdio.o)
 .ARM.attributes
                0x0000085c       0x2c d:/7.0/toolchain/arm/arm-gnu-toolchain/bin/../lib/gcc/arm-none-eabi/6.2.1/../../../../arm-none-eabi/lib/thumb/v6-m\libc_nano.a(lib_a-writer.o)
 .ARM.attributes
                0x00000888       0x2c d:/7.0/toolchain/arm/arm-gnu-toolchain/bin/../lib/gcc/arm-none-eabi/6.2.1/../../../../arm-none-eabi/lib/thumb/v6-m\libc_nano.a(lib_a-closer.o)
 .ARM.attributes
                0x000008b4       0x2c d:/7.0/toolchain/arm/arm-gnu-toolchain/bin/../lib/gcc/arm-none-eabi/6.2.1/../../../../arm-none-eabi/lib/thumb/v6-m\libc_nano.a(lib_a-fstatr.o)
 .ARM.attributes
                0x000008e0       0x2c d:/7.0/toolchain/arm/arm-gnu-toolchain/bin/../lib/gcc/arm-none-eabi/6.2.1/../../../../arm-none-eabi/lib/thumb/v6-m\libc_nano.a(lib_a-isattyr.o)
 .ARM.attributes
                0x0000090c       0x2c d:/7.0/toolchain/arm/arm-gnu-toolchain/bin/../lib/gcc/arm-none-eabi/6.2.1/../../../../arm-none-eabi/lib/thumb/v6-m\libc_nano.a(lib_a-locale.o)
 .ARM.attributes
                0x00000938       0x2c d:/7.0/toolchain/arm/arm-gnu-toolchain/bin/../lib/gcc/arm-none-eabi/6.2.1/../../../../arm-none-eabi/lib/thumb/v6-m\libc_nano.a(lib_a-lseekr.o)
 .ARM.attributes
                0x00000964       0x2c d:/7.0/toolchain/arm/arm-gnu-toolchain/bin/../lib/gcc/arm-none-eabi/6.2.1/../../../../arm-none-eabi/lib/thumb/v6-m\libc_nano.a(lib_a-mbtowc_r.o)
 .ARM.attributes
                0x00000990       0x2c d:/7.0/toolchain/arm/arm-gnu-toolchain/bin/../lib/gcc/arm-none-eabi/6.2.1/../../../../arm-none-eabi/lib/thumb/v6-m\libc_nano.a(lib_a-mlock.o)
 .ARM.attributes
                0x000009bc       0x2c d:/7.0/toolchain/arm/arm-gnu-toolchain/bin/../lib/gcc/arm-none-eabi/6.2.1/../../../../arm-none-eabi/lib/thumb/v6-m\libc_nano.a(lib_a-readr.o)
 .ARM.attributes
                0x000009e8       0x2c d:/7.0/toolchain/arm/arm-gnu-toolchain/bin/../lib/gcc/arm-none-eabi/6.2.1/../../../../arm-none-eabi/lib/thumb/v6-m\libc_nano.a(lib_a-reent.o)
 .ARM.attributes
                0x00000a14       0x2c d:/7.0/toolchain/arm/arm-gnu-toolchain/bin/../lib/gcc/arm-none-eabi/6.2.1/../../../../arm-none-eabi/lib/thumb/v6-m\libc_nano.a(lib_a-wctomb_r.o)
 .ARM.attributes
                0x00000a40       0x2c d:/7.0/toolchain/arm/arm-gnu-toolchain/bin/../lib/gcc/arm-none-eabi/6.2.1/../../../../arm-none-eabi/lib/thumb/v6-m\libc_nano.a(lib_a-ctype_.o)
 .ARM.attributes
                0x00000a6c       0x1e d:/7.0/toolchain/arm/arm-gnu-toolchain/bin/../lib/gcc/arm-none-eabi/6.2.1/thumb/v6-m\libgcc.a(_thumb1_case_uqi.o)
 .ARM.attributes
                0x00000a8a       0x1e d:/7.0/toolchain/arm/arm-gnu-toolchain/bin/../lib/gcc/arm-none-eabi/6.2.1/thumb/v6-m\libgcc.a(_udivsi3.o)
 .ARM.attributes
                0x00000aa8       0x1e d:/7.0/toolchain/arm/arm-gnu-toolchain/bin/../lib/gcc/arm-none-eabi/6.2.1/thumb/v6-m\libgcc.a(_divsi3.o)
 .ARM.attributes
                0x00000ac6       0x1e d:/7.0/toolchain/arm/arm-gnu-toolchain/bin/../lib/gcc/arm-none-eabi/6.2.1/thumb/v6-m\libgcc.a(_dvmd_tls.o)
 .ARM.attributes
                0x00000ae4       0x1e d:/7.0/toolchain/arm/arm-gnu-toolchain/bin/../lib/gcc/arm-none-eabi/6.2.1/thumb/v6-m\libgcc.a(_arm_cmpdf2.o)
 .ARM.attributes
                0x00000b02       0x2c d:/7.0/toolchain/arm/arm-gnu-toolchain/bin/../lib/gcc/arm-none-eabi/6.2.1/thumb/v6-m\libgcc.a(_muldi3.o)
 .ARM.attributes
                0x00000b2e       0x2c d:/7.0/toolchain/arm/arm-gnu-toolchain/bin/../lib/gcc/arm-none-eabi/6.2.1/thumb/v6-m\libgcc.a(floatsisf.o)
 .ARM.attributes
                0x00000b5a       0x2c d:/7.0/toolchain/arm/arm-gnu-toolchain/bin/../lib/gcc/arm-none-eabi/6.2.1/thumb/v6-m\libgcc.a(adddf3.o)
 .ARM.attributes
                0x00000b86       0x2c d:/7.0/toolchain/arm/arm-gnu-toolchain/bin/../lib/gcc/arm-none-eabi/6.2.1/thumb/v6-m\libgcc.a(divdf3.o)
 .ARM.attributes
                0x00000bb2       0x2c d:/7.0/toolchain/arm/arm-gnu-toolchain/bin/../lib/gcc/arm-none-eabi/6.2.1/thumb/v6-m\libgcc.a(eqdf2.o)
 .ARM.attributes
                0x00000bde       0x2c d:/7.0/toolchain/arm/arm-gnu-toolchain/bin/../lib/gcc/arm-none-eabi/6.2.1/thumb/v6-m\libgcc.a(gedf2.o)
 .ARM.attributes
                0x00000c0a       0x2c d:/7.0/toolchain/arm/arm-gnu-toolchain/bin/../lib/gcc/arm-none-eabi/6.2.1/thumb/v6-m\libgcc.a(ledf2.o)
 .ARM.attributes
                0x00000c36       0x2c d:/7.0/toolchain/arm/arm-gnu-toolchain/bin/../lib/gcc/arm-none-eabi/6.2.1/thumb/v6-m\libgcc.a(muldf3.o)
 .ARM.attributes
                0x00000c62       0x2c d:/7.0/toolchain/arm/arm-gnu-toolchain/bin/../lib/gcc/arm-none-eabi/6.2.1/thumb/v6-m\libgcc.a(subdf3.o)
 .ARM.attributes
                0x00000c8e       0x2c d:/7.0/toolchain/arm/arm-gnu-toolchain/bin/../lib/gcc/arm-none-eabi/6.2.1/thumb/v6-m\libgcc.a(unorddf2.o)
 .ARM.attributes
                0x00000cba       0x2c d:/7.0/toolchain/arm/arm-gnu-toolchain/bin/../lib/gcc/arm-none-eabi/6.2.1/thumb/v6-m\libgcc.a(fixdfsi.o)
 .ARM.attributes
                0x00000ce6       0x2c d:/7.0/toolchain/arm/arm-gnu-toolchain/bin/../lib/gcc/arm-none-eabi/6.2.1/thumb/v6-m\libgcc.a(floatsidf.o)
 .ARM.attributes
                0x00000d12       0x2c d:/7.0/toolchain/arm/arm-gnu-toolchain/bin/../lib/gcc/arm-none-eabi/6.2.1/thumb/v6-m\libgcc.a(floatunsidf.o)
 .ARM.attributes
                0x00000d3e       0x2c d:/7.0/toolchain/arm/arm-gnu-toolchain/bin/../lib/gcc/arm-none-eabi/6.2.1/thumb/v6-m\libgcc.a(extendsfdf2.o)
 .ARM.attributes
                0x00000d6a       0x2c d:/7.0/toolchain/arm/arm-gnu-toolchain/bin/../lib/gcc/arm-none-eabi/6.2.1/thumb/v6-m\libgcc.a(truncdfsf2.o)
 .ARM.attributes
                0x00000d96       0x1e d:/7.0/toolchain/arm/arm-gnu-toolchain/bin/../lib/gcc/arm-none-eabi/6.2.1/thumb/v6-m\libgcc.a(_clzsi2.o)
 .ARM.attributes
                0x00000db4       0x1e d:/7.0/toolchain/arm/arm-gnu-toolchain/bin/../lib/gcc/arm-none-eabi/6.2.1/thumb/v6-m/crtn.o

.comment        0x00000000       0x59
 .comment       0x00000000       0x59 AIS328DQ.o
                                 0x5a (size before relaxing)
 .comment       0x00000059       0x5a main.o
 .comment       0x00000059       0x5a src/ASF/sam0/drivers/sercom/i2c/i2c_sam0/i2c_master.o
 .comment       0x00000059       0x5a src/ASF/sam0/drivers/sercom/sercom.o
 .comment       0x00000059       0x5a src/ASF/common2/services/delay/sam0/systick_counter.o
 .comment       0x00000059       0x5a src/ASF/common/utils/interrupt/interrupt_sam_nvic.o
 .comment       0x00000059       0x5a src/ASF/sam0/boards/samha1g16a_xplained_pro/board_init.o
 .comment       0x00000059       0x5a src/ASF/sam0/drivers/port/port.o
 .comment       0x00000059       0x5a src/ASF/sam0/drivers/sercom/usart/usart.o
 .comment       0x00000059       0x5a src/ASF/sam0/drivers/system/clock/clock_samd21_r21_da_ha1/clock.o
 .comment       0x00000059       0x5a src/ASF/sam0/drivers/system/clock/clock_samd21_r21_da_ha1/gclk.o
 .comment       0x00000059       0x5a src/ASF/sam0/drivers/system/pinmux/pinmux.o
 .comment       0x00000059       0x5a src/ASF/sam0/utils/cmsis/samha1/source/gcc/startup_samha1.o
 .comment       0x00000059       0x5a src/ASF/sam0/utils/cmsis/samha1/source/system_samha1.o
 .comment       0x00000059       0x5a src/ASF/sam0/utils/stdio/read.o
 .comment       0x00000059       0x5a src/ASF/sam0/utils/stdio/write.o
 .comment       0x00000059       0x5a src/ASF/sam0/utils/syscalls/gcc/syscalls.o

.debug_info     0x00000000    0x2267f
 .debug_info    0x00000000     0x4092 AIS328DQ.o
 .debug_info    0x00004092     0x3eeb main.o
 .debug_info    0x00007f7d     0x4b74 src/ASF/sam0/drivers/sercom/i2c/i2c_sam0/i2c_master.o
 .debug_info    0x0000caf1     0x2dc5 src/ASF/sam0/drivers/sercom/sercom.o
 .debug_info    0x0000f8b6      0xb81 src/ASF/common2/services/delay/sam0/systick_counter.o
 .debug_info    0x00010437      0xafb src/ASF/common/utils/interrupt/interrupt_sam_nvic.o
 .debug_info    0x00010f32     0x12a2 src/ASF/sam0/boards/samha1g16a_xplained_pro/board_init.o
 .debug_info    0x000121d4     0x12aa src/ASF/sam0/drivers/port/port.o
 .debug_info    0x0001347e     0x48f2 src/ASF/sam0/drivers/sercom/usart/usart.o
 .debug_info    0x00017d70     0x376c src/ASF/sam0/drivers/system/clock/clock_samd21_r21_da_ha1/clock.o
 .debug_info    0x0001b4dc     0x1e87 src/ASF/sam0/drivers/system/clock/clock_samd21_r21_da_ha1/gclk.o
 .debug_info    0x0001d363     0x1368 src/ASF/sam0/drivers/system/pinmux/pinmux.o
 .debug_info    0x0001e6cb     0x1bd0 src/ASF/sam0/utils/cmsis/samha1/source/gcc/startup_samha1.o
 .debug_info    0x0002029b       0xd5 src/ASF/sam0/utils/cmsis/samha1/source/system_samha1.o
 .debug_info    0x00020370      0xac3 src/ASF/sam0/utils/stdio/read.o
 .debug_info    0x00020e33      0xac0 src/ASF/sam0/utils/stdio/write.o
 .debug_info    0x000218f3      0xd8c src/ASF/sam0/utils/syscalls/gcc/syscalls.o

.debug_abbrev   0x00000000     0x370f
 .debug_abbrev  0x00000000      0x60c AIS328DQ.o
 .debug_abbrev  0x0000060c      0x5e5 main.o
 .debug_abbrev  0x00000bf1      0x4e3 src/ASF/sam0/drivers/sercom/i2c/i2c_sam0/i2c_master.o
 .debug_abbrev  0x000010d4      0x378 src/ASF/sam0/drivers/sercom/sercom.o
 .debug_abbrev  0x0000144c      0x24b src/ASF/common2/services/delay/sam0/systick_counter.o
 .debug_abbrev  0x00001697      0x22c src/ASF/common/utils/interrupt/interrupt_sam_nvic.o
 .debug_abbrev  0x000018c3      0x2dc src/ASF/sam0/boards/samha1g16a_xplained_pro/board_init.o
 .debug_abbrev  0x00001b9f      0x298 src/ASF/sam0/drivers/port/port.o
 .debug_abbrev  0x00001e37      0x46c src/ASF/sam0/drivers/sercom/usart/usart.o
 .debug_abbrev  0x000022a3      0x465 src/ASF/sam0/drivers/system/clock/clock_samd21_r21_da_ha1/clock.o
 .debug_abbrev  0x00002708      0x3f1 src/ASF/sam0/drivers/system/clock/clock_samd21_r21_da_ha1/gclk.o
 .debug_abbrev  0x00002af9      0x332 src/ASF/sam0/drivers/system/pinmux/pinmux.o
 .debug_abbrev  0x00002e2b      0x200 src/ASF/sam0/utils/cmsis/samha1/source/gcc/startup_samha1.o
 .debug_abbrev  0x0000302b       0x72 src/ASF/sam0/utils/cmsis/samha1/source/system_samha1.o
 .debug_abbrev  0x0000309d      0x218 src/ASF/sam0/utils/stdio/read.o
 .debug_abbrev  0x000032b5      0x203 src/ASF/sam0/utils/stdio/write.o
 .debug_abbrev  0x000034b8      0x257 src/ASF/sam0/utils/syscalls/gcc/syscalls.o

.debug_loc      0x00000000     0x4d71
 .debug_loc     0x00000000      0x747 AIS328DQ.o
 .debug_loc     0x00000747      0x2fd main.o
 .debug_loc     0x00000a44      0xed9 src/ASF/sam0/drivers/sercom/i2c/i2c_sam0/i2c_master.o
 .debug_loc     0x0000191d      0x9a3 src/ASF/sam0/drivers/sercom/sercom.o
 .debug_loc     0x000022c0       0xe4 src/ASF/common2/services/delay/sam0/systick_counter.o
 .debug_loc     0x000023a4       0x74 src/ASF/sam0/boards/samha1g16a_xplained_pro/board_init.o
 .debug_loc     0x00002418      0x13d src/ASF/sam0/drivers/port/port.o
 .debug_loc     0x00002555      0xdd9 src/ASF/sam0/drivers/sercom/usart/usart.o
 .debug_loc     0x0000332e      0xef4 src/ASF/sam0/drivers/system/clock/clock_samd21_r21_da_ha1/clock.o
 .debug_loc     0x00004222      0x504 src/ASF/sam0/drivers/system/clock/clock_samd21_r21_da_ha1/gclk.o
 .debug_loc     0x00004726      0x322 src/ASF/sam0/drivers/system/pinmux/pinmux.o
 .debug_loc     0x00004a48       0x40 src/ASF/sam0/utils/cmsis/samha1/source/gcc/startup_samha1.o
 .debug_loc     0x00004a88       0xca src/ASF/sam0/utils/stdio/read.o
 .debug_loc     0x00004b52      0x130 src/ASF/sam0/utils/stdio/write.o
 .debug_loc     0x00004c82       0xef src/ASF/sam0/utils/syscalls/gcc/syscalls.o

.debug_aranges  0x00000000      0x4c0
 .debug_aranges
                0x00000000       0x90 AIS328DQ.o
 .debug_aranges
                0x00000090       0x48 main.o
 .debug_aranges
                0x000000d8       0xa0 src/ASF/sam0/drivers/sercom/i2c/i2c_sam0/i2c_master.o
 .debug_aranges
                0x00000178       0x48 src/ASF/sam0/drivers/sercom/sercom.o
 .debug_aranges
                0x000001c0       0x30 src/ASF/common2/services/delay/sam0/systick_counter.o
 .debug_aranges
                0x000001f0       0x28 src/ASF/common/utils/interrupt/interrupt_sam_nvic.o
 .debug_aranges
                0x00000218       0x20 src/ASF/sam0/boards/samha1g16a_xplained_pro/board_init.o
 .debug_aranges
                0x00000238       0x28 src/ASF/sam0/drivers/port/port.o
 .debug_aranges
                0x00000260       0x40 src/ASF/sam0/drivers/sercom/usart/usart.o
 .debug_aranges
                0x000002a0       0x78 src/ASF/sam0/drivers/system/clock/clock_samd21_r21_da_ha1/clock.o
 .debug_aranges
                0x00000318       0x80 src/ASF/sam0/drivers/system/clock/clock_samd21_r21_da_ha1/gclk.o
 .debug_aranges
                0x00000398       0x38 src/ASF/sam0/drivers/system/pinmux/pinmux.o
 .debug_aranges
                0x000003d0       0x28 src/ASF/sam0/utils/cmsis/samha1/source/gcc/startup_samha1.o
 .debug_aranges
                0x000003f8       0x28 src/ASF/sam0/utils/cmsis/samha1/source/system_samha1.o
 .debug_aranges
                0x00000420       0x20 src/ASF/sam0/utils/stdio/read.o
 .debug_aranges
                0x00000440       0x20 src/ASF/sam0/utils/stdio/write.o
 .debug_aranges
                0x00000460       0x60 src/ASF/sam0/utils/syscalls/gcc/syscalls.o

.debug_ranges   0x00000000      0x558
 .debug_ranges  0x00000000       0x80 AIS328DQ.o
 .debug_ranges  0x00000080       0x50 main.o
 .debug_ranges  0x000000d0       0xa8 src/ASF/sam0/drivers/sercom/i2c/i2c_sam0/i2c_master.o
 .debug_ranges  0x00000178       0x50 src/ASF/sam0/drivers/sercom/sercom.o
 .debug_ranges  0x000001c8       0x50 src/ASF/common2/services/delay/sam0/systick_counter.o
 .debug_ranges  0x00000218       0x18 src/ASF/common/utils/interrupt/interrupt_sam_nvic.o
 .debug_ranges  0x00000230       0x10 src/ASF/sam0/boards/samha1g16a_xplained_pro/board_init.o
 .debug_ranges  0x00000240       0x18 src/ASF/sam0/drivers/port/port.o
 .debug_ranges  0x00000258      0x148 src/ASF/sam0/drivers/sercom/usart/usart.o
 .debug_ranges  0x000003a0       0x68 src/ASF/sam0/drivers/system/clock/clock_samd21_r21_da_ha1/clock.o
 .debug_ranges  0x00000408       0x88 src/ASF/sam0/drivers/system/clock/clock_samd21_r21_da_ha1/gclk.o
 .debug_ranges  0x00000490       0x28 src/ASF/sam0/drivers/system/pinmux/pinmux.o
 .debug_ranges  0x000004b8       0x18 src/ASF/sam0/utils/cmsis/samha1/source/gcc/startup_samha1.o
 .debug_ranges  0x000004d0       0x18 src/ASF/sam0/utils/cmsis/samha1/source/system_samha1.o
 .debug_ranges  0x000004e8       0x10 src/ASF/sam0/utils/stdio/read.o
 .debug_ranges  0x000004f8       0x10 src/ASF/sam0/utils/stdio/write.o
 .debug_ranges  0x00000508       0x50 src/ASF/sam0/utils/syscalls/gcc/syscalls.o

.debug_macro    0x00000000    0x192d7
 .debug_macro   0x00000000      0x678 AIS328DQ.o
 .debug_macro   0x00000678      0x99a AIS328DQ.o
 .debug_macro   0x00001012       0x1c AIS328DQ.o
 .debug_macro   0x0000102e       0x22 AIS328DQ.o
 .debug_macro   0x00001050       0x87 AIS328DQ.o
 .debug_macro   0x000010d7       0x51 AIS328DQ.o
 .debug_macro   0x00001128       0xef AIS328DQ.o
 .debug_macro   0x00001217       0x6a AIS328DQ.o
 .debug_macro   0x00001281      0x1df AIS328DQ.o
 .debug_macro   0x00001460       0x99 AIS328DQ.o
 .debug_macro   0x000014f9      0x17b AIS328DQ.o
 .debug_macro   0x00001674      0x64b AIS328DQ.o
 .debug_macro   0x00001cbf       0x16 AIS328DQ.o
 .debug_macro   0x00001cd5       0x76 AIS328DQ.o
 .debug_macro   0x00001d4b       0x16 AIS328DQ.o
 .debug_macro   0x00001d61      0x6e5 AIS328DQ.o
 .debug_macro   0x00002446      0xde2 AIS328DQ.o
 .debug_macro   0x00003228       0x16 AIS328DQ.o
 .debug_macro   0x0000323e       0x46 AIS328DQ.o
 .debug_macro   0x00003284       0x3a AIS328DQ.o
 .debug_macro   0x000032be       0x1f AIS328DQ.o
 .debug_macro   0x000032dd      0x250 AIS328DQ.o
 .debug_macro   0x0000352d      0x67d AIS328DQ.o
 .debug_macro   0x00003baa      0x8b0 AIS328DQ.o
 .debug_macro   0x0000445a      0x22e AIS328DQ.o
 .debug_macro   0x00004688      0xd5c AIS328DQ.o
 .debug_macro   0x000053e4      0x4c6 AIS328DQ.o
 .debug_macro   0x000058aa      0x9f6 AIS328DQ.o
 .debug_macro   0x000062a0      0x82a AIS328DQ.o
 .debug_macro   0x00006aca      0x450 AIS328DQ.o
 .debug_macro   0x00006f1a       0x5e AIS328DQ.o
 .debug_macro   0x00006f78       0x3a AIS328DQ.o
 .debug_macro   0x00006fb2      0x21c AIS328DQ.o
 .debug_macro   0x000071ce      0x788 AIS328DQ.o
 .debug_macro   0x00007956       0x5e AIS328DQ.o
 .debug_macro   0x000079b4      0x638 AIS328DQ.o
 .debug_macro   0x00007fec      0x3ab AIS328DQ.o
 .debug_macro   0x00008397      0xc75 AIS328DQ.o
 .debug_macro   0x0000900c     0x1092 AIS328DQ.o
 .debug_macro   0x0000a09e      0xc4a AIS328DQ.o
 .debug_macro   0x0000ace8      0x6ba AIS328DQ.o
 .debug_macro   0x0000b3a2     0x1bba AIS328DQ.o
 .debug_macro   0x0000cf5c      0x33f AIS328DQ.o
 .debug_macro   0x0000d29b       0x7c AIS328DQ.o
 .debug_macro   0x0000d317       0xa0 AIS328DQ.o
 .debug_macro   0x0000d3b7       0x4c AIS328DQ.o
 .debug_macro   0x0000d403       0xca AIS328DQ.o
 .debug_macro   0x0000d4cd       0x94 AIS328DQ.o
 .debug_macro   0x0000d561       0x58 AIS328DQ.o
 .debug_macro   0x0000d5b9      0x340 AIS328DQ.o
 .debug_macro   0x0000d8f9       0x82 AIS328DQ.o
 .debug_macro   0x0000d97b      0x188 AIS328DQ.o
 .debug_macro   0x0000db03       0x10 AIS328DQ.o
 .debug_macro   0x0000db13       0xa0 AIS328DQ.o
 .debug_macro   0x0000dbb3       0xb8 AIS328DQ.o
 .debug_macro   0x0000dc6b       0x1c AIS328DQ.o
 .debug_macro   0x0000dc87       0x1c AIS328DQ.o
 .debug_macro   0x0000dca3       0x1c AIS328DQ.o
 .debug_macro   0x0000dcbf       0x82 AIS328DQ.o
 .debug_macro   0x0000dd41      0x15a AIS328DQ.o
 .debug_macro   0x0000de9b       0xdc AIS328DQ.o
 .debug_macro   0x0000df77      0x124 AIS328DQ.o
 .debug_macro   0x0000e09b      0x124 AIS328DQ.o
 .debug_macro   0x0000e1bf      0x124 AIS328DQ.o
 .debug_macro   0x0000e2e3      0x124 AIS328DQ.o
 .debug_macro   0x0000e407      0x124 AIS328DQ.o
 .debug_macro   0x0000e52b      0x124 AIS328DQ.o
 .debug_macro   0x0000e64f      0x124 AIS328DQ.o
 .debug_macro   0x0000e773       0xe2 AIS328DQ.o
 .debug_macro   0x0000e855       0xe2 AIS328DQ.o
 .debug_macro   0x0000e937       0xe2 AIS328DQ.o
 .debug_macro   0x0000ea19       0xe2 AIS328DQ.o
 .debug_macro   0x0000eafb       0xe2 AIS328DQ.o
 .debug_macro   0x0000ebdd      0x130 AIS328DQ.o
 .debug_macro   0x0000ed0d      0x106 AIS328DQ.o
 .debug_macro   0x0000ee13       0xfa AIS328DQ.o
 .debug_macro   0x0000ef0d       0x40 AIS328DQ.o
 .debug_macro   0x0000ef4d      0x376 AIS328DQ.o
 .debug_macro   0x0000f2c3     0x1496 AIS328DQ.o
 .debug_macro   0x00010759       0x82 AIS328DQ.o
 .debug_macro   0x000107db       0x52 AIS328DQ.o
 .debug_macro   0x0001082d       0x35 AIS328DQ.o
 .debug_macro   0x00010862       0x9c AIS328DQ.o
 .debug_macro   0x000108fe       0x16 AIS328DQ.o
 .debug_macro   0x00010914       0x35 AIS328DQ.o
 .debug_macro   0x00010949      0x337 AIS328DQ.o
 .debug_macro   0x00010c80       0x10 AIS328DQ.o
 .debug_macro   0x00010c90       0x52 AIS328DQ.o
 .debug_macro   0x00010ce2       0x1f AIS328DQ.o
 .debug_macro   0x00010d01       0x43 AIS328DQ.o
 .debug_macro   0x00010d44       0x20 AIS328DQ.o
 .debug_macro   0x00010d64      0x187 AIS328DQ.o
 .debug_macro   0x00010eeb       0x10 AIS328DQ.o
 .debug_macro   0x00010efb       0x1c AIS328DQ.o
 .debug_macro   0x00010f17       0x52 AIS328DQ.o
 .debug_macro   0x00010f69       0x40 AIS328DQ.o
 .debug_macro   0x00010fa9       0x10 AIS328DQ.o
 .debug_macro   0x00010fb9       0x40 AIS328DQ.o
 .debug_macro   0x00010ff9       0xd7 AIS328DQ.o
 .debug_macro   0x000110d0       0x16 AIS328DQ.o
 .debug_macro   0x000110e6      0x18b AIS328DQ.o
 .debug_macro   0x00011271      0x143 AIS328DQ.o
 .debug_macro   0x000113b4       0x10 AIS328DQ.o
 .debug_macro   0x000113c4      0x3c3 AIS328DQ.o
 .debug_macro   0x00011787       0x10 AIS328DQ.o
 .debug_macro   0x00011797       0x16 AIS328DQ.o
 .debug_macro   0x000117ad       0x16 AIS328DQ.o
 .debug_macro   0x000117c3       0x29 AIS328DQ.o
 .debug_macro   0x000117ec       0xea AIS328DQ.o
 .debug_macro   0x000118d6       0x51 AIS328DQ.o
 .debug_macro   0x00011927       0x3f AIS328DQ.o
 .debug_macro   0x00011966      0x3c3 AIS328DQ.o
 .debug_macro   0x00011d29       0x11 AIS328DQ.o
 .debug_macro   0x00011d3a       0x16 AIS328DQ.o
 .debug_macro   0x00011d50       0x16 AIS328DQ.o
 .debug_macro   0x00011d66      0x2c6 AIS328DQ.o
 .debug_macro   0x0001202c       0x10 AIS328DQ.o
 .debug_macro   0x0001203c      0x65b AIS328DQ.o
 .debug_macro   0x00012697       0x11 AIS328DQ.o
 .debug_macro   0x000126a8       0x12 AIS328DQ.o
 .debug_macro   0x000126ba       0x16 AIS328DQ.o
 .debug_macro   0x000126d0       0x2e AIS328DQ.o
 .debug_macro   0x000126fe       0xb2 AIS328DQ.o
 .debug_macro   0x000127b0       0x10 AIS328DQ.o
 .debug_macro   0x000127c0       0x27 AIS328DQ.o
 .debug_macro   0x000127e7       0x50 AIS328DQ.o
 .debug_macro   0x00012837      0x66c main.o
 .debug_macro   0x00012ea3       0x10 main.o
 .debug_macro   0x00012eb3       0x9f main.o
 .debug_macro   0x00012f52      0x591 src/ASF/sam0/drivers/sercom/i2c/i2c_sam0/i2c_master.o
 .debug_macro   0x000134e3      0x8bc src/ASF/sam0/drivers/sercom/i2c/i2c_sam0/i2c_master.o
 .debug_macro   0x00013d9f      0x16d src/ASF/sam0/drivers/sercom/i2c/i2c_sam0/i2c_master.o
 .debug_macro   0x00013f0c       0x87 src/ASF/sam0/drivers/sercom/i2c/i2c_sam0/i2c_master.o
 .debug_macro   0x00013f93       0x22 src/ASF/sam0/drivers/sercom/i2c/i2c_sam0/i2c_master.o
 .debug_macro   0x00013fb5      0x250 src/ASF/sam0/drivers/sercom/i2c/i2c_sam0/i2c_master.o
 .debug_macro   0x00014205       0x9c src/ASF/sam0/drivers/sercom/i2c/i2c_sam0/i2c_master.o
 .debug_macro   0x000142a1       0x35 src/ASF/sam0/drivers/sercom/i2c/i2c_sam0/i2c_master.o
 .debug_macro   0x000142d6      0x330 src/ASF/sam0/drivers/sercom/i2c/i2c_sam0/i2c_master.o
 .debug_macro   0x00014606       0x43 src/ASF/sam0/drivers/sercom/i2c/i2c_sam0/i2c_master.o
 .debug_macro   0x00014649      0x3df src/ASF/sam0/drivers/sercom/i2c/i2c_sam0/i2c_master.o
 .debug_macro   0x00014a28      0x58b src/ASF/sam0/drivers/sercom/sercom.o
 .debug_macro   0x00014fb3      0x539 src/ASF/common2/services/delay/sam0/systick_counter.o
 .debug_macro   0x000154ec      0x4fe src/ASF/common/utils/interrupt/interrupt_sam_nvic.o
 .debug_macro   0x000159ea      0x539 src/ASF/sam0/boards/samha1g16a_xplained_pro/board_init.o
 .debug_macro   0x00015f23      0x518 src/ASF/sam0/drivers/port/port.o
 .debug_macro   0x0001643b      0x583 src/ASF/sam0/drivers/sercom/usart/usart.o
 .debug_macro   0x000169be       0x51 src/ASF/sam0/drivers/sercom/usart/usart.o
 .debug_macro   0x00016a0f      0x56f src/ASF/sam0/drivers/system/clock/clock_samd21_r21_da_ha1/clock.o
 .debug_macro   0x00016f7e      0x29d src/ASF/sam0/drivers/system/clock/clock_samd21_r21_da_ha1/clock.o
 .debug_macro   0x0001721b      0x534 src/ASF/sam0/drivers/system/clock/clock_samd21_r21_da_ha1/gclk.o
 .debug_macro   0x0001774f      0x510 src/ASF/sam0/drivers/system/pinmux/pinmux.o
 .debug_macro   0x00017c5f      0x2e5 src/ASF/sam0/utils/cmsis/samha1/source/gcc/startup_samha1.o
 .debug_macro   0x00017f44       0x40 src/ASF/sam0/utils/cmsis/samha1/source/gcc/startup_samha1.o
 .debug_macro   0x00017f84      0x2eb src/ASF/sam0/utils/cmsis/samha1/source/system_samha1.o
 .debug_macro   0x0001826f      0x4fe src/ASF/sam0/utils/stdio/read.o
 .debug_macro   0x0001876d      0x4fe src/ASF/sam0/utils/stdio/write.o
 .debug_macro   0x00018c6b      0x1d6 src/ASF/sam0/utils/syscalls/gcc/syscalls.o
 .debug_macro   0x00018e41       0x4c src/ASF/sam0/utils/syscalls/gcc/syscalls.o
 .debug_macro   0x00018e8d       0x8d src/ASF/sam0/utils/syscalls/gcc/syscalls.o
 .debug_macro   0x00018f1a       0x57 src/ASF/sam0/utils/syscalls/gcc/syscalls.o
 .debug_macro   0x00018f71       0x97 src/ASF/sam0/utils/syscalls/gcc/syscalls.o
 .debug_macro   0x00019008       0xf6 src/ASF/sam0/utils/syscalls/gcc/syscalls.o
 .debug_macro   0x000190fe       0x4c src/ASF/sam0/utils/syscalls/gcc/syscalls.o
 .debug_macro   0x0001914a       0x16 src/ASF/sam0/utils/syscalls/gcc/syscalls.o
 .debug_macro   0x00019160       0x10 src/ASF/sam0/utils/syscalls/gcc/syscalls.o
 .debug_macro   0x00019170       0x10 src/ASF/sam0/utils/syscalls/gcc/syscalls.o
 .debug_macro   0x00019180       0x35 src/ASF/sam0/utils/syscalls/gcc/syscalls.o
 .debug_macro   0x000191b5      0x122 src/ASF/sam0/utils/syscalls/gcc/syscalls.o

.debug_line     0x00000000     0xa517
 .debug_line    0x00000000      0xf0b AIS328DQ.o
 .debug_line    0x00000f0b      0xe6e main.o
 .debug_line    0x00001d79      0xd69 src/ASF/sam0/drivers/sercom/i2c/i2c_sam0/i2c_master.o
 .debug_line    0x00002ae2      0xb46 src/ASF/sam0/drivers/sercom/sercom.o
 .debug_line    0x00003628      0x940 src/ASF/common2/services/delay/sam0/systick_counter.o
 .debug_line    0x00003f68      0x84a src/ASF/common/utils/interrupt/interrupt_sam_nvic.o
 .debug_line    0x000047b2      0x8f7 src/ASF/sam0/boards/samha1g16a_xplained_pro/board_init.o
 .debug_line    0x000050a9      0x876 src/ASF/sam0/drivers/port/port.o
 .debug_line    0x0000591f      0xc83 src/ASF/sam0/drivers/sercom/usart/usart.o
 .debug_line    0x000065a2      0xbcb src/ASF/sam0/drivers/system/clock/clock_samd21_r21_da_ha1/clock.o
 .debug_line    0x0000716d      0xbf1 src/ASF/sam0/drivers/system/clock/clock_samd21_r21_da_ha1/gclk.o
 .debug_line    0x00007d5e      0x8a6 src/ASF/sam0/drivers/system/pinmux/pinmux.o
 .debug_line    0x00008604      0x5c6 src/ASF/sam0/utils/cmsis/samha1/source/gcc/startup_samha1.o
 .debug_line    0x00008bca      0x585 src/ASF/sam0/utils/cmsis/samha1/source/system_samha1.o
 .debug_line    0x0000914f      0x827 src/ASF/sam0/utils/stdio/read.o
 .debug_line    0x00009976      0x81b src/ASF/sam0/utils/stdio/write.o
 .debug_line    0x0000a191      0x386 src/ASF/sam0/utils/syscalls/gcc/syscalls.o

.debug_str      0x00000000    0x7bb8d
 .debug_str     0x00000000    0x7621a AIS328DQ.o
                              0x76d4c (size before relaxing)
 .debug_str     0x0007621a      0x890 main.o
                              0x7706c (size before relaxing)
 .debug_str     0x00076aaa      0xd20 src/ASF/sam0/drivers/sercom/i2c/i2c_sam0/i2c_master.o
                              0x722f7 (size before relaxing)
 .debug_str     0x000777ca      0x360 src/ASF/sam0/drivers/sercom/sercom.o
                              0x71950 (size before relaxing)
 .debug_str     0x00077b2a       0xa1 src/ASF/common2/services/delay/sam0/systick_counter.o
                              0x704d5 (size before relaxing)
 .debug_str     0x00077bcb       0x94 src/ASF/common/utils/interrupt/interrupt_sam_nvic.o
                              0x702c5 (size before relaxing)
 .debug_str     0x00077c5f      0x232 src/ASF/sam0/boards/samha1g16a_xplained_pro/board_init.o
                              0x72d39 (size before relaxing)
 .debug_str     0x00077e91       0x5e src/ASF/sam0/drivers/port/port.o
                              0x706cb (size before relaxing)
 .debug_str     0x00077eef       0xdb src/ASF/sam0/drivers/sercom/usart/usart.o
                              0x7252e (size before relaxing)
 .debug_str     0x00077fca     0x277e src/ASF/sam0/drivers/system/clock/clock_samd21_r21_da_ha1/clock.o
                              0x73422 (size before relaxing)
 .debug_str     0x0007a748      0x233 src/ASF/sam0/drivers/system/clock/clock_samd21_r21_da_ha1/gclk.o
                              0x70f82 (size before relaxing)
 .debug_str     0x0007a97b       0xf4 src/ASF/sam0/drivers/system/pinmux/pinmux.o
                              0x706bc (size before relaxing)
 .debug_str     0x0007aa6f      0x8fc src/ASF/sam0/utils/cmsis/samha1/source/gcc/startup_samha1.o
                              0x5bd5c (size before relaxing)
 .debug_str     0x0007b36b       0x69 src/ASF/sam0/utils/cmsis/samha1/source/system_samha1.o
                              0x5b2b3 (size before relaxing)
 .debug_str     0x0007b3d4       0x2a src/ASF/sam0/utils/stdio/read.o
                              0x7026c (size before relaxing)
 .debug_str     0x0007b3fe       0x24 src/ASF/sam0/utils/stdio/write.o
                              0x7026d (size before relaxing)
 .debug_str     0x0007b422      0x76b src/ASF/sam0/utils/syscalls/gcc/syscalls.o
                               0x725c (size before relaxing)

.debug_frame    0x00000000     0x1adc
 .debug_frame   0x00000000      0x1ac AIS328DQ.o
 .debug_frame   0x000001ac       0xc0 main.o
 .debug_frame   0x0000026c      0x1e8 src/ASF/sam0/drivers/sercom/i2c/i2c_sam0/i2c_master.o
 .debug_frame   0x00000454       0xbc src/ASF/sam0/drivers/sercom/sercom.o
 .debug_frame   0x00000510       0x64 src/ASF/common2/services/delay/sam0/systick_counter.o
 .debug_frame   0x00000574       0x30 src/ASF/common/utils/interrupt/interrupt_sam_nvic.o
 .debug_frame   0x000005a4       0x30 src/ASF/sam0/boards/samha1g16a_xplained_pro/board_init.o
 .debug_frame   0x000005d4       0x44 src/ASF/sam0/drivers/port/port.o
 .debug_frame   0x00000618       0xac src/ASF/sam0/drivers/sercom/usart/usart.o
 .debug_frame   0x000006c4      0x14c src/ASF/sam0/drivers/system/clock/clock_samd21_r21_da_ha1/clock.o
 .debug_frame   0x00000810      0x148 src/ASF/sam0/drivers/system/clock/clock_samd21_r21_da_ha1/gclk.o
 .debug_frame   0x00000958       0x74 src/ASF/sam0/drivers/system/pinmux/pinmux.o
 .debug_frame   0x000009cc       0x38 src/ASF/sam0/utils/cmsis/samha1/source/gcc/startup_samha1.o
 .debug_frame   0x00000a04       0x30 src/ASF/sam0/utils/cmsis/samha1/source/system_samha1.o
 .debug_frame   0x00000a34       0x34 src/ASF/sam0/utils/stdio/read.o
 .debug_frame   0x00000a68       0x34 src/ASF/sam0/utils/stdio/write.o
 .debug_frame   0x00000a9c       0xa0 src/ASF/sam0/utils/syscalls/gcc/syscalls.o
 .debug_frame   0x00000b3c       0x2c d:/7.0/toolchain/arm/arm-gnu-toolchain/bin/../lib/gcc/arm-none-eabi/6.2.1/../../../../arm-none-eabi/lib/thumb/v6-m\libc_nano.a(lib_a-init.o)
 .debug_frame   0x00000b68       0x20 d:/7.0/toolchain/arm/arm-gnu-toolchain/bin/../lib/gcc/arm-none-eabi/6.2.1/../../../../arm-none-eabi/lib/thumb/v6-m\libc_nano.a(lib_a-memset.o)
 .debug_frame   0x00000b88       0x70 d:/7.0/toolchain/arm/arm-gnu-toolchain/bin/../lib/gcc/arm-none-eabi/6.2.1/../../../../arm-none-eabi/lib/thumb/v6-m\libc_nano.a(lib_a-nano-vfprintf_float.o)
 .debug_frame   0x00000bf8       0x54 d:/7.0/toolchain/arm/arm-gnu-toolchain/bin/../lib/gcc/arm-none-eabi/6.2.1/../../../../arm-none-eabi/lib/thumb/v6-m\libc_nano.a(lib_a-nano-vfprintf_i.o)
 .debug_frame   0x00000c4c       0x50 d:/7.0/toolchain/arm/arm-gnu-toolchain/bin/../lib/gcc/arm-none-eabi/6.2.1/../../../../arm-none-eabi/lib/thumb/v6-m\libc_nano.a(lib_a-printf.o)
 .debug_frame   0x00000c9c       0x44 d:/7.0/toolchain/arm/arm-gnu-toolchain/bin/../lib/gcc/arm-none-eabi/6.2.1/../../../../arm-none-eabi/lib/thumb/v6-m\libc_nano.a(lib_a-puts.o)
 .debug_frame   0x00000ce0       0x28 d:/7.0/toolchain/arm/arm-gnu-toolchain/bin/../lib/gcc/arm-none-eabi/6.2.1/../../../../arm-none-eabi/lib/thumb/v6-m\libc_nano.a(lib_a-setbuf.o)
 .debug_frame   0x00000d08       0x30 d:/7.0/toolchain/arm/arm-gnu-toolchain/bin/../lib/gcc/arm-none-eabi/6.2.1/../../../../arm-none-eabi/lib/thumb/v6-m\libc_nano.a(lib_a-setvbuf.o)
 .debug_frame   0x00000d38       0x48 d:/7.0/toolchain/arm/arm-gnu-toolchain/bin/../lib/gcc/arm-none-eabi/6.2.1/../../../../arm-none-eabi/lib/thumb/v6-m\libc_nano.a(lib_a-wbuf.o)
 .debug_frame   0x00000d80       0x2c d:/7.0/toolchain/arm/arm-gnu-toolchain/bin/../lib/gcc/arm-none-eabi/6.2.1/../../../../arm-none-eabi/lib/thumb/v6-m\libc_nano.a(lib_a-wsetup.o)
 .debug_frame   0x00000dac       0x54 d:/7.0/toolchain/arm/arm-gnu-toolchain/bin/../lib/gcc/arm-none-eabi/6.2.1/../../../../arm-none-eabi/lib/thumb/v6-m\libc_nano.a(lib_a-dtoa.o)
 .debug_frame   0x00000e00       0x68 d:/7.0/toolchain/arm/arm-gnu-toolchain/bin/../lib/gcc/arm-none-eabi/6.2.1/../../../../arm-none-eabi/lib/thumb/v6-m\libc_nano.a(lib_a-fflush.o)
 .debug_frame   0x00000e68      0x140 d:/7.0/toolchain/arm/arm-gnu-toolchain/bin/../lib/gcc/arm-none-eabi/6.2.1/../../../../arm-none-eabi/lib/thumb/v6-m\libc_nano.a(lib_a-findfp.o)
 .debug_frame   0x00000fa8       0x58 d:/7.0/toolchain/arm/arm-gnu-toolchain/bin/../lib/gcc/arm-none-eabi/6.2.1/../../../../arm-none-eabi/lib/thumb/v6-m\libc_nano.a(lib_a-fwalk.o)
 .debug_frame   0x00001000       0x40 d:/7.0/toolchain/arm/arm-gnu-toolchain/bin/../lib/gcc/arm-none-eabi/6.2.1/../../../../arm-none-eabi/lib/thumb/v6-m\libc_nano.a(lib_a-localeconv.o)
 .debug_frame   0x00001040       0x54 d:/7.0/toolchain/arm/arm-gnu-toolchain/bin/../lib/gcc/arm-none-eabi/6.2.1/../../../../arm-none-eabi/lib/thumb/v6-m\libc_nano.a(lib_a-makebuf.o)
 .debug_frame   0x00001094       0x40 d:/7.0/toolchain/arm/arm-gnu-toolchain/bin/../lib/gcc/arm-none-eabi/6.2.1/../../../../arm-none-eabi/lib/thumb/v6-m\libc_nano.a(lib_a-malloc.o)
 .debug_frame   0x000010d4       0x20 d:/7.0/toolchain/arm/arm-gnu-toolchain/bin/../lib/gcc/arm-none-eabi/6.2.1/../../../../arm-none-eabi/lib/thumb/v6-m\libc_nano.a(lib_a-memchr-stub.o)
 .debug_frame   0x000010f4       0x28 d:/7.0/toolchain/arm/arm-gnu-toolchain/bin/../lib/gcc/arm-none-eabi/6.2.1/../../../../arm-none-eabi/lib/thumb/v6-m\libc_nano.a(lib_a-memcpy-stub.o)
 .debug_frame   0x0000111c      0x238 d:/7.0/toolchain/arm/arm-gnu-toolchain/bin/../lib/gcc/arm-none-eabi/6.2.1/../../../../arm-none-eabi/lib/thumb/v6-m\libc_nano.a(lib_a-mprec.o)
 .debug_frame   0x00001354       0x2c d:/7.0/toolchain/arm/arm-gnu-toolchain/bin/../lib/gcc/arm-none-eabi/6.2.1/../../../../arm-none-eabi/lib/thumb/v6-m\libc_nano.a(lib_a-nano-callocr.o)
 .debug_frame   0x00001380       0x2c d:/7.0/toolchain/arm/arm-gnu-toolchain/bin/../lib/gcc/arm-none-eabi/6.2.1/../../../../arm-none-eabi/lib/thumb/v6-m\libc_nano.a(lib_a-nano-freer.o)
 .debug_frame   0x000013ac       0x2c d:/7.0/toolchain/arm/arm-gnu-toolchain/bin/../lib/gcc/arm-none-eabi/6.2.1/../../../../arm-none-eabi/lib/thumb/v6-m\libc_nano.a(lib_a-nano-mallocr.o)
 .debug_frame   0x000013d8       0x9c d:/7.0/toolchain/arm/arm-gnu-toolchain/bin/../lib/gcc/arm-none-eabi/6.2.1/../../../../arm-none-eabi/lib/thumb/v6-m\libc_nano.a(lib_a-nano-vfprintf.o)
 .debug_frame   0x00001474       0x2c d:/7.0/toolchain/arm/arm-gnu-toolchain/bin/../lib/gcc/arm-none-eabi/6.2.1/../../../../arm-none-eabi/lib/thumb/v6-m\libc_nano.a(lib_a-sbrkr.o)
 .debug_frame   0x000014a0       0x90 d:/7.0/toolchain/arm/arm-gnu-toolchain/bin/../lib/gcc/arm-none-eabi/6.2.1/../../../../arm-none-eabi/lib/thumb/v6-m\libc_nano.a(lib_a-stdio.o)
 .debug_frame   0x00001530       0x2c d:/7.0/toolchain/arm/arm-gnu-toolchain/bin/../lib/gcc/arm-none-eabi/6.2.1/../../../../arm-none-eabi/lib/thumb/v6-m\libc_nano.a(lib_a-writer.o)
 .debug_frame   0x0000155c       0x2c d:/7.0/toolchain/arm/arm-gnu-toolchain/bin/../lib/gcc/arm-none-eabi/6.2.1/../../../../arm-none-eabi/lib/thumb/v6-m\libc_nano.a(lib_a-closer.o)
 .debug_frame   0x00001588       0x2c d:/7.0/toolchain/arm/arm-gnu-toolchain/bin/../lib/gcc/arm-none-eabi/6.2.1/../../../../arm-none-eabi/lib/thumb/v6-m\libc_nano.a(lib_a-fstatr.o)
 .debug_frame   0x000015b4       0x2c d:/7.0/toolchain/arm/arm-gnu-toolchain/bin/../lib/gcc/arm-none-eabi/6.2.1/../../../../arm-none-eabi/lib/thumb/v6-m\libc_nano.a(lib_a-isattyr.o)
 .debug_frame   0x000015e0       0x74 d:/7.0/toolchain/arm/arm-gnu-toolchain/bin/../lib/gcc/arm-none-eabi/6.2.1/../../../../arm-none-eabi/lib/thumb/v6-m\libc_nano.a(lib_a-locale.o)
 .debug_frame   0x00001654       0x2c d:/7.0/toolchain/arm/arm-gnu-toolchain/bin/../lib/gcc/arm-none-eabi/6.2.1/../../../../arm-none-eabi/lib/thumb/v6-m\libc_nano.a(lib_a-lseekr.o)
 .debug_frame   0x00001680       0x44 d:/7.0/toolchain/arm/arm-gnu-toolchain/bin/../lib/gcc/arm-none-eabi/6.2.1/../../../../arm-none-eabi/lib/thumb/v6-m\libc_nano.a(lib_a-mbtowc_r.o)
 .debug_frame   0x000016c4       0x30 d:/7.0/toolchain/arm/arm-gnu-toolchain/bin/../lib/gcc/arm-none-eabi/6.2.1/../../../../arm-none-eabi/lib/thumb/v6-m\libc_nano.a(lib_a-mlock.o)
 .debug_frame   0x000016f4       0x2c d:/7.0/toolchain/arm/arm-gnu-toolchain/bin/../lib/gcc/arm-none-eabi/6.2.1/../../../../arm-none-eabi/lib/thumb/v6-m\libc_nano.a(lib_a-readr.o)
 .debug_frame   0x00001720       0x48 d:/7.0/toolchain/arm/arm-gnu-toolchain/bin/../lib/gcc/arm-none-eabi/6.2.1/../../../../arm-none-eabi/lib/thumb/v6-m\libc_nano.a(lib_a-reent.o)
 .debug_frame   0x00001768       0x38 d:/7.0/toolchain/arm/arm-gnu-toolchain/bin/../lib/gcc/arm-none-eabi/6.2.1/../../../../arm-none-eabi/lib/thumb/v6-m\libc_nano.a(lib_a-wctomb_r.o)
 .debug_frame   0x000017a0       0x20 d:/7.0/toolchain/arm/arm-gnu-toolchain/bin/../lib/gcc/arm-none-eabi/6.2.1/thumb/v6-m\libgcc.a(_udivsi3.o)
 .debug_frame   0x000017c0       0x20 d:/7.0/toolchain/arm/arm-gnu-toolchain/bin/../lib/gcc/arm-none-eabi/6.2.1/thumb/v6-m\libgcc.a(_divsi3.o)
 .debug_frame   0x000017e0       0x34 d:/7.0/toolchain/arm/arm-gnu-toolchain/bin/../lib/gcc/arm-none-eabi/6.2.1/thumb/v6-m\libgcc.a(_muldi3.o)
 .debug_frame   0x00001814       0x2c d:/7.0/toolchain/arm/arm-gnu-toolchain/bin/../lib/gcc/arm-none-eabi/6.2.1/thumb/v6-m\libgcc.a(floatsisf.o)
 .debug_frame   0x00001840       0x3c d:/7.0/toolchain/arm/arm-gnu-toolchain/bin/../lib/gcc/arm-none-eabi/6.2.1/thumb/v6-m\libgcc.a(adddf3.o)
 .debug_frame   0x0000187c       0x3c d:/7.0/toolchain/arm/arm-gnu-toolchain/bin/../lib/gcc/arm-none-eabi/6.2.1/thumb/v6-m\libgcc.a(divdf3.o)
 .debug_frame   0x000018b8       0x38 d:/7.0/toolchain/arm/arm-gnu-toolchain/bin/../lib/gcc/arm-none-eabi/6.2.1/thumb/v6-m\libgcc.a(eqdf2.o)
 .debug_frame   0x000018f0       0x38 d:/7.0/toolchain/arm/arm-gnu-toolchain/bin/../lib/gcc/arm-none-eabi/6.2.1/thumb/v6-m\libgcc.a(gedf2.o)
 .debug_frame   0x00001928       0x38 d:/7.0/toolchain/arm/arm-gnu-toolchain/bin/../lib/gcc/arm-none-eabi/6.2.1/thumb/v6-m\libgcc.a(ledf2.o)
 .debug_frame   0x00001960       0x3c d:/7.0/toolchain/arm/arm-gnu-toolchain/bin/../lib/gcc/arm-none-eabi/6.2.1/thumb/v6-m\libgcc.a(muldf3.o)
 .debug_frame   0x0000199c       0x38 d:/7.0/toolchain/arm/arm-gnu-toolchain/bin/../lib/gcc/arm-none-eabi/6.2.1/thumb/v6-m\libgcc.a(subdf3.o)
 .debug_frame   0x000019d4       0x2c d:/7.0/toolchain/arm/arm-gnu-toolchain/bin/../lib/gcc/arm-none-eabi/6.2.1/thumb/v6-m\libgcc.a(unorddf2.o)
 .debug_frame   0x00001a00       0x2c d:/7.0/toolchain/arm/arm-gnu-toolchain/bin/../lib/gcc/arm-none-eabi/6.2.1/thumb/v6-m\libgcc.a(fixdfsi.o)
 .debug_frame   0x00001a2c       0x2c d:/7.0/toolchain/arm/arm-gnu-toolchain/bin/../lib/gcc/arm-none-eabi/6.2.1/thumb/v6-m\libgcc.a(floatsidf.o)
 .debug_frame   0x00001a58       0x28 d:/7.0/toolchain/arm/arm-gnu-toolchain/bin/../lib/gcc/arm-none-eabi/6.2.1/thumb/v6-m\libgcc.a(floatunsidf.o)
 .debug_frame   0x00001a80       0x2c d:/7.0/toolchain/arm/arm-gnu-toolchain/bin/../lib/gcc/arm-none-eabi/6.2.1/thumb/v6-m\libgcc.a(extendsfdf2.o)